245.127.252.126 - - [19/May/2024:00:00:11 +0000] "GET /erddap/rss/delayed_SEA045_M52.rss HTTP/1.1" 200 419 "-" "python-httpx/0.27.0"
71.126.53.170 - - [19/May/2024:00:01:30 +0000] "GET /erddap/tabledap/nrt_SEA067_M56.subset HTTP/1.1" 200 7847 "-" "crawler_eb_germany_2.0"
62.24.243.47 - - [19/May/2024:00:04:51 +0000] "POST / HTTP/1.1" 301 178 "-" "kmdjdheyytgebfghehhenegsdfsdf"
237.85.78.47 - - [19/May/2024:00:07:41 +0000] "GET /erddap/tabledap/nrt_SEA045_M43.nccsvMetadata HTTP/1.1" 200 9305 "-" "curl/7.54.0"
237.85.78.47 - - [19/May/2024:00:07:41 +0000] "GET /erddap/tabledap/nrt_SEA045_M44.nccsvMetadata HTTP/1.1" 200 9271 "-" "curl/7.54.0"
237.85.78.47 - - [19/May/2024:00:07:41 +0000] "GET /erddap/tabledap/nrt_SEA045_M45.nccsvMetadata HTTP/1.1" 200 9304 "-" "curl/7.54.0"
237.85.78.47 - - [19/May/2024:00:07:42 +0000] "GET /erddap/tabledap/nrt_SEA045_M48.nccsvMetadata HTTP/1.1" 200 8529 "-" "curl/7.54.0"
237.85.78.47 - - [19/May/2024:00:07:42 +0000] "GET /erddap/tabledap/nrt_SEA045_M50.nccsvMetadata HTTP/1.1" 200 8835 "-" "curl/7.54.0"
237.85.78.47 - - [19/May/2024:00:07:42 +0000] "GET /erddap/tabledap/nrt_SEA045_M51.nccsvMetadata HTTP/1.1" 200 8821 "-" "curl/7.54.0"
237.85.78.47 - - [19/May/2024:00:07:42 +0000] "GET /erddap/tabledap/nrt_SEA045_M52.nccsvMetadata HTTP/1.1" 200 8836 "-" "curl/7.54.0"
237.85.78.47 - - [19/May/2024:00:07:43 +0000] "GET /erddap/tabledap/nrt_SEA045_M54.nccsvMetadata HTTP/1.1" 200 8546 "-" "curl/7.54.0"
237.85.78.47 - - [19/May/2024:00:07:43 +0000] "GET /erddap/tabledap/nrt_SEA045_M56.nccsvMetadata HTTP/1.1" 200 8573 "-" "curl/7.54.0"
237.85.78.47 - - [19/May/2024:00:07:43 +0000] "GET /erddap/tabledap/nrt_SEA045_M60.nccsvMetadata HTTP/1.1" 200 8602 "-" "curl/7.54.0"
237.85.78.47 - - [19/May/2024:00:07:43 +0000] "GET /erddap/tabledap/nrt_SEA045_M62.nccsvMetadata HTTP/1.1" 200 8609 "-" "curl/7.54.0"
237.85.78.47 - - [19/May/2024:00:07:43 +0000] "GET /erddap/tabledap/nrt_SEA045_M64.nccsvMetadata HTTP/1.1" 200 8616 "-" "curl/7.54.0"
237.85.78.47 - - [19/May/2024:00:07:44 +0000] "GET /erddap/tabledap/nrt_SEA045_M65.nccsvMetadata HTTP/1.1" 200 8604 "-" "curl/7.54.0"
237.85.78.47 - - [19/May/2024:00:07:44 +0000] "GET /erddap/tabledap/nrt_SEA045_M67.nccsvMetadata HTTP/1.1" 200 8613 "-" "curl/7.54.0"
237.85.78.47 - - [19/May/2024:00:07:44 +0000] "GET /erddap/tabledap/nrt_SEA045_M69.nccsvMetadata HTTP/1.1" 200 8610 "-" "curl/7.54.0"
237.85.78.47 - - [19/May/2024:00:07:44 +0000] "GET /erddap/tabledap/nrt_SEA079_M9.nccsvMetadata HTTP/1.1" 200 10337 "-" "curl/7.54.0"
237.85.78.47 - - [19/May/2024:00:07:45 +0000] "GET /erddap/tabledap/nrt_SEA079_M11.nccsvMetadata HTTP/1.1" 200 9890 "-" "curl/7.54.0"
237.85.78.47 - - [19/May/2024:00:07:45 +0000] "GET /erddap/tabledap/nrt_SEA044_M25.nccsvMetadata HTTP/1.1" 200 9301 "-" "curl/7.54.0"
237.85.78.47 - - [19/May/2024:00:07:45 +0000] "GET /erddap/tabledap/nrt_SEA044_M28.nccsvMetadata HTTP/1.1" 200 9319 "-" "curl/7.54.0"
237.85.78.47 - - [19/May/2024:00:07:45 +0000] "GET /erddap/tabledap/nrt_SEA044_M29.nccsvMetadata HTTP/1.1" 200 9305 "-" "curl/7.54.0"
237.85.78.47 - - [19/May/2024:00:07:49 +0000] "GET /erddap/tabledap/nrt_SEA045_M71.nccsvMetadata HTTP/1.1" 200 8655 "-" "curl/7.54.0"
237.85.78.47 - - [19/May/2024:00:07:49 +0000] "GET /erddap/tabledap/nrt_SEA045_M73.nccsvMetadata HTTP/1.1" 200 8893 "-" "curl/7.54.0"
237.85.78.47 - - [19/May/2024:00:07:54 +0000] "GET /erddap/tabledap/nrt_SEA045_M74.nccsvMetadata HTTP/1.1" 200 8885 "-" "curl/7.54.0"
237.85.78.47 - - [19/May/2024:00:07:54 +0000] "GET /erddap/tabledap/nrt_SEA045_M75.nccsvMetadata HTTP/1.1" 200 8867 "-" "curl/7.54.0"
 "Python-urllib/2.7"
237.85.78.47 - - [19/May/2024:00:10:04 +0000] "GET /erddap/files/nrt_SEA061_M40/.csv HTTP/1.1" 200 111 "-" "curl/7.54.0"
237.85.78.47 - - [19/May/2024:00:10:04 +0000] "GET /erddap/files/nrt_SEA061_M42/.csv HTTP/1.1" 200 111 "-" "curl/7.54.0"
237.85.78.47 - - [19/May/2024:00:10:09 +0000] "GET /erddap/files/nrt_SEA061_M43/.csv HTTP/1.1" 200 111 "-" "curl/7.54.0"
237.85.78.47 - - [19/May/2024:00:10:14 +0000] "GET /erddap/files/nrt_SEA061_M45/.csv HTTP/1.1" 200 111 "-" "curl/7.54.0"
219.247.213.59 - - [19/May/2024:00:10:47 +0000] "GET /erddap/tabledap/delayed_SEA056_M40.graph HTTP/1.1" 200 30250 "-" "Mozilla/5.0 ERDDAP/2.17"
 "Python-urllib/2.7"
79.24.81.97 - - [19/May/2024:00:16:49 +0000] "GET /robots.txt HTTP/1.1" 200 527 "-" "Mozilla/5.0 ERDDAP/2.17"
171.177.25.126 - - [19/May/2024:00:20:25 +0000] "GET /erddap/tabledap/allDatasets.csv HTTP/1.1" 200 598331 "-" "python-requests/2.28.1"
237.85.78.47 - - [19/May/2024:00:22:58 +0000] "GET /erddap/tabledap/nrt_SEA063_M17.nccsvMetadata HTTP/1.1" 200 9355 "-" "curl/7.54.0"
237.85.78.47 - - [19/May/2024:00:22:58 +0000] "GET /erddap/tabledap/nrt_SEA063_M18.nccsvMetadata HTTP/1.1" 200 9091 "-" "curl/7.54.0"
237.85.78.47 - - [19/May/2024:00:22:58 +0000] "GET /erddap/tabledap/nrt_SEA063_M19.nccsvMetadata HTTP/1.1" 200 9084 "-" "curl/7.54.0"
237.85.78.47 - - [19/May/2024:00:22:59 +0000] "GET /erddap/tabledap/nrt_SEA063_M20.nccsvMetadata HTTP/1.1" 200 9116 "-" "curl/7.54.0"
237.85.78.47 - - [19/May/2024:00:22:59 +0000] "GET /erddap/tabledap/nrt_SEA063_M21.nccsvMetadata HTTP/1.1" 200 9094 "-" "curl/7.54.0"
237.85.78.47 - - [19/May/2024:00:22:59 +0000] "GET /erddap/tabledap/nrt_SEA063_M22.nccsvMetadata HTTP/1.1" 200 9102 "-" "curl/7.54.0"
237.85.78.47 - - [19/May/2024:00:22:59 +0000] "GET /erddap/tabledap/nrt_SEA063_M24.nccsvMetadata HTTP/1.1" 200 9294 "-" "curl/7.54.0"
237.85.78.47 - - [19/May/2024:00:23:00 +0000] "GET /erddap/tabledap/nrt_SEA063_M33.nccsvMetadata HTTP/1.1" 200 8559 "-" "curl/7.54.0"
237.85.78.47 - - [19/May/2024:00:23:00 +0000] "GET /erddap/tabledap/nrt_SEA063_M35.nccsvMetadata HTTP/1.1" 200 8572 "-" "curl/7.54.0"
237.85.78.47 - - [19/May/2024:00:23:00 +0000] "GET /erddap/tabledap/nrt_SEA063_M37.nccsvMetadata HTTP/1.1" 200 8564 "-" "curl/7.54.0"
237.85.78.47 - - [19/May/2024:00:23:00 +0000] "GET /erddap/tabledap/nrt_SEA063_M38.nccsvMetadata HTTP/1.1" 200 8557 "-" "curl/7.54.0"
237.85.78.47 - - [19/May/2024:00:23:00 +0000] "GET /erddap/tabledap/nrt_SEA063_M39.nccsvMetadata HTTP/1.1" 200 8625 "-" "curl/7.54.0"
237.85.78.47 - - [19/May/2024:00:23:01 +0000] "GET /erddap/tabledap/nrt_SEA063_M40.nccsvMetadata HTTP/1.1" 200 8589 "-" "curl/7.54.0"
237.85.78.47 - - [19/May/2024:00:23:01 +0000] "GET /erddap/tabledap/nrt_SEA063_M55.nccsvMetadata HTTP/1.1" 200 9551 "-" "curl/7.54.0"
237.85.78.47 - - [19/May/2024:00:23:01 +0000] "GET /erddap/tabledap/nrt_SEA063_M60.nccsvMetadata HTTP/1.1" 200 9530 "-" "curl/7.54.0"
237.85.78.47 - - [19/May/2024:00:23:01 +0000] "GET /erddap/tabledap/nrt_SEA061_M48.nccsvMetadata HTTP/1.1" 200 9120 "-" "curl/7.54.0"
237.85.78.47 - - [19/May/2024:00:23:02 +0000] "GET /erddap/tabledap/nrt_SEA061_M50.nccsvMetadata HTTP/1.1" 200 9117 "-" "curl/7.54.0"
237.85.78.47 - - [19/May/2024:00:23:02 +0000] "GET /erddap/tabledap/nrt_SEA061_M54.nccsvMetadata HTTP/1.1" 200 8573 "-" "curl/7.54.0"
237.85.78.47 - - [19/May/2024:00:23:02 +0000] "GET /erddap/tabledap/nrt_SEA061_M56.nccsvMetadata HTTP/1.1" 200 8711 "-" "curl/7.54.0"
237.85.78.47 - - [19/May/2024:00:23:02 +0000] "GET /erddap/tabledap/nrt_SEA061_M57.nccsvMetadata HTTP/1.1" 200 8724 "-" "curl/7.54.0"
237.85.78.47 - - [19/May/2024:00:23:03 +0000] "GET /erddap/tabledap/nrt_SEA061_M60.nccsvMetadata HTTP/1.1" 200 8742 "-" "curl/7.54.0"
237.85.78.47 - - [19/May/2024:00:23:03 +0000] "GET /erddap/tabledap/nrt_SEA061_M62.nccsvMetadata HTTP/1.1" 200 8780 "-" "curl/7.54.0"
237.85.78.47 - - [19/May/2024:00:23:03 +0000] "GET /erddap/tabledap/nrt_SEA061_M63.nccsvMetadata HTTP/1.1" 200 9089 "-" "curl/7.54.0"
237.85.78.47 - - [19/May/2024:00:23:03 +0000] "GET /erddap/tabledap/nrt_SEA078_M11.nccsvMetadata HTTP/1.1" 200 10366 "-" "curl/7.54.0"
7.56.21.183 - - [19/May/2024:00:26:05 +0000] "GET /erddap/tabledap/delayed_SEA045_M71.fgdc HTTP/1.1" 200 5587 "-" "python-requests/2.25.1"
 "localhost.localdomain/go-network-v2.0.1"
 "Python-urllib/2.7"
166.130.184.120 - - [19/May/2024:00:33:50 +0000] "GET /erddap/tabledap/nrt_SEA045_M37.html HTTP/1.1" 200 35332 "-" "localhost.localdomain/go-network-v2.0.1"
84.20.181.236 - - [19/May/2024:00:38:21 +0000] "GET /erddap/info/nrt_SEA055_M21/index.html HTTP/1.1" 200 24331 "-" "Python-urllib/3.12"
171.177.25.126 - - [19/May/2024:00:40:24 +0000] "GET /erddap/tabledap/allDatasets.csv HTTP/1.1" 200 598315 "-" "python-requests/2.28.1"
 "Python-urllib/2.7"
 "Python-urllib/2.7"
118.86.124.185 - - [19/May/2024:00:50:23 +0000] "GET /erddap/metadata/fgdc/xml/delayed_SEA067_M26_fgdc.xml HTTP/1.1" 200 5757 "-" "python-httpx/0.24.1"
160.139.151.100 - - [19/May/2024:00:50:57 +0000] "GET /erddap/tabledap/delayed_SEA044_M72.iso19115 HTTP/1.1" 200 8644 "-" "Python/3.8 aiohttp/3.9.5"
160.139.151.100 - - [19/May/2024:00:51:39 +0000] "GET /erddap/tabledap/delayed_SEA044_M77.iso19115 HTTP/1.1" 200 8661 "-" "Python/3.8 aiohttp/3.9.5"
160.139.151.100 - - [19/May/2024:00:52:50 +0000] "GET /erddap/tabledap/delayed_SEA045_M75.fgdc HTTP/1.1" 200 5596 "-" "Python/3.8 aiohttp/3.9.5"
160.139.151.100 - - [19/May/2024:00:53:58 +0000] "GET /erddap/tabledap/delayed_SEA055_M54.fgdc HTTP/1.1" 200 5567 "-" "Python/3.8 aiohttp/3.9.5"
160.139.151.100 - - [19/May/2024:00:54:33 +0000] "GET /erddap/tabledap/delayed_SEA055_M56.fgdc HTTP/1.1" 200 5570 "-" "Python/3.8 aiohttp/3.9.5"
160.139.151.100 - - [19/May/2024:00:55:48 +0000] "GET /erddap/tabledap/delayed_SEA063_M55.fgdc HTTP/1.1" 200 5766 "-" "Python/3.8 aiohttp/3.9.5"
160.139.151.100 - - [19/May/2024:00:57:04 +0000] "GET /erddap/tabledap/delayed_SEA067_M41.fgdc HTTP/1.1" 200 5847 "-" "Python/3.8 aiohttp/3.9.5"
134.107.215.206 - - [19/May/2024:00:58:21 +0000] "GET /robots.txt HTTP/1.1" 200 527 "-" "Friendly_Crawler/Nutch-1.20-SNAPSHOT"
160.139.151.100 - - [19/May/2024:00:59:38 +0000] "GET /erddap/tabledap/delayed_SEA077_M21.iso19115 HTTP/1.1" 200 9475 "-" "Python/3.8 aiohttp/3.9.5"
122.14.7.46 - - [19/May/2024:01:00:26 +0000] "GET /erddap/tabledap/delayed_SEA045_M71.graph HTTP/1.1" 200 28385 "-" "python-requests/2.28.2"
160.139.151.100 - - [19/May/2024:01:01:28 +0000] "GET /erddap/tabledap/nrt_SEA044_M75.iso19115 HTTP/1.1" 200 8656 "-" "Python/3.8 aiohttp/3.9.5"
177.105.144.166 - - [19/May/2024:01:02:39 +0000] "GET /erddap/tabledap/nrt_SEA063_M55.fgdc HTTP/1.1" 200 5683 "-" "python-requests/2.28.2"
160.139.151.100 - - [19/May/2024:01:03:21 +0000] "GET /erddap/tabledap/nrt_SEA045_M75.iso19115 HTTP/1.1" 200 8569 "-" "Python/3.8 aiohttp/3.9.5"
160.139.151.100 - - [19/May/2024:01:04:47 +0000] "GET /erddap/tabledap/nrt_SEA063_M60.fgdc HTTP/1.1" 200 5699 "-" "Python/3.8 aiohttp/3.9.5"
160.139.151.100 - - [19/May/2024:01:06:00 +0000] "GET /erddap/tabledap/nrt_SEA070_M29.fgdc HTTP/1.1" 200 5728 "-" "Python/3.8 aiohttp/3.9.5"
160.139.151.100 - - [19/May/2024:01:07:02 +0000] "GET /erddap/tabledap/nrt_SEA076_M16.iso19115 HTTP/1.1" 200 9195 "-" "Python/3.8 aiohttp/3.9.5"
160.139.151.100 - - [19/May/2024:01:08:06 +0000] "GET /erddap/tabledap/nrt_SEA078_M11.iso19115 HTTP/1.1" 200 9202 "-" "Python/3.8 aiohttp/3.9.5"
160.139.151.100 - - [19/May/2024:01:08:38 +0000] "GET /erddap/tabledap/nrt_SEA079_M11.iso19115 HTTP/1.1" 200 9188 "-" "Python/3.8 aiohttp/3.9.5"
160.139.151.100 - - [19/May/2024:01:09:17 +0000] "GET /erddap/tabledap/nrt_SEA079_M9.iso19115 HTTP/1.1" 200 9174 "-" "Python/3.8 aiohttp/3.9.5"
165.75.14.120 - - [19/May/2024:01:11:51 +0000] "GET /erddap/tabledap/nrt_SEA076_M16.iso19115 HTTP/1.1" 200 9195 "-" "python-requests/2.28.2"
104.184.97.198 - - [19/May/2024:01:15:02 +0000] "GET /erddap/tabledap/allDatasets.csvp? HTTP/1.1" 200 50365 "-" "Python-urllib/2.7"
104.184.97.198 - - [19/May/2024:01:15:04 +0000] "GET /erddap/tabledap/nrt_SEA076_M13.ncCF? HTTP/1.1" 200 1917266 "-" "Python-urllib/2.7"
104.184.97.198 - - [19/May/2024:01:15:09 +0000] "GET /erddap/tabledap/nrt_SEA076_M22.ncCF? HTTP/1.1" 200 3023071 "-" "Python-urllib/2.7"
104.184.97.198 - - [19/May/2024:01:15:12 +0000] "GET /erddap/tabledap/nrt_SEA069_M13.ncCF? HTTP/1.1" 200 753269 "-" "Python-urllib/2.7"
104.184.97.198 - - [19/May/2024:01:15:14 +0000] "GET /erddap/tabledap/nrt_SEA069_M22.ncCF? HTTP/1.1" 200 769938 "-" "Python-urllib/2.7"
104.184.97.198 - - [19/May/2024:01:15:15 +0000] "GET /erddap/tabledap/nrt_SEA055_M16.ncCF? HTTP/1.1" 200 405709 "-" "Python-urllib/2.7"
104.184.97.198 - - [19/May/2024:01:15:17 +0000] "GET /erddap/tabledap/nrt_SEA055_M23.ncCF? HTTP/1.1" 200 1395877 "-" "Python-urllib/2.7"
104.184.97.198 - - [19/May/2024:01:15:18 +0000] "GET /erddap/tabledap/nrt_SEA055_M33.ncCF? HTTP/1.1" 200 893262 "-" "Python-urllib/2.7"
104.184.97.198 - - [19/May/2024:01:15:20 +0000] "GET /erddap/tabledap/nrt_SEA055_M43.ncCF? HTTP/1.1" 200 619040 "-" "Python-urllib/2.7"
104.184.97.198 - - [19/May/2024:01:15:21 +0000] "GET /erddap/tabledap/nrt_SEA055_M52.ncCF? HTTP/1.1" 200 791196 "-" "Python-urllib/2.7"
104.184.97.198 - - [19/May/2024:01:15:23 +0000] "GET /erddap/tabledap/nrt_SEA045_M36.ncCF? HTTP/1.1" 200 396141 "-" "Python-urllib/2.7"
104.184.97.198 - - [19/May/2024:01:15:27 +0000] "GET /erddap/tabledap/nrt_SEA045_M44.ncCF? HTTP/1.1" 200 2246673 "-" "Python-urllib/2.7"
104.184.97.198 - - [19/May/2024:01:15:29 +0000] "GET /erddap/tabledap/nrt_SEA045_M52.ncCF? HTTP/1.1" 200 1089272 "-" "Python-urllib/2.7"
104.184.97.198 - - [19/May/2024:01:15:30 +0000] "GET /erddap/tabledap/nrt_SEA045_M64.ncCF? HTTP/1.1" 200 612716 "-" "Python-urllib/2.7"
104.184.97.198 - - [19/May/2024:01:15:32 +0000] "GET /erddap/tabledap/nrt_SEA045_M73.ncCF? HTTP/1.1" 200 893377 "-" "Python-urllib/2.7"
104.184.97.198 - - [19/May/2024:01:15:36 +0000] "GET /erddap/tabledap/nrt_SEA063_M18.ncCF? HTTP/1.1" 200 6093097 "-" "Python-urllib/2.7"
104.184.97.198 - - [19/May/2024:01:15:46 +0000] "GET /erddap/tabledap/nrt_SEA063_M24.ncCF? HTTP/1.1" 200 6924686 "-" "Python-urllib/2.7"
104.184.97.198 - - [19/May/2024:01:15:48 +0000] "GET /erddap/tabledap/nrt_SEA063_M39.ncCF? HTTP/1.1" 200 572265 "-" "Python-urllib/2.7"
104.184.97.198 - - [19/May/2024:01:15:49 +0000] "GET /erddap/tabledap/nrt_SEA063_M63.ncCF? HTTP/1.1" 200 1175971 "-" "Python-urllib/2.7"
104.184.97.198 - - [19/May/2024:01:15:52 +0000] "GET /erddap/tabledap/nrt_SEA063_M72.ncCF? HTTP/1.1" 200 1092011 "-" "Python-urllib/2.7"
104.184.97.198 - - [19/May/2024:01:15:55 +0000] "GET /erddap/tabledap/nrt_SEA079_M12.ncCF? HTTP/1.1" 200 3354364 "-" "Python-urllib/2.7"
104.184.97.198 - - [19/May/2024:01:15:59 +0000] "GET /erddap/tabledap/nrt_SEA044_M25.ncCF? HTTP/1.1" 200 305547 "-" "Python-urllib/2.7"
104.184.97.198 - - [19/May/2024:01:16:02 +0000] "GET /erddap/tabledap/nrt_SEA044_M34.ncCF? HTTP/1.1" 200 2335573 "-" "Python-urllib/2.7"
104.184.97.198 - - [19/May/2024:01:16:04 +0000] "GET /erddap/tabledap/nrt_SEA044_M48.ncCF? HTTP/1.1" 200 762239 "-" "Python-urllib/2.7"
104.184.97.198 - - [19/May/2024:01:16:05 +0000] "GET /erddap/tabledap/nrt_SEA044_M79.ncCF? HTTP/1.1" 200 891440 "-" "Python-urllib/2.7"
104.184.97.198 - - [19/May/2024:01:16:07 +0000] "GET /erddap/tabledap/nrt_SEA044_M86.ncCF? HTTP/1.1" 200 667042 "-" "Python-urllib/2.7"
104.184.97.198 - - [19/May/2024:01:16:09 +0000] "GET /erddap/tabledap/nrt_SEA067_M26.ncCF? HTTP/1.1" 200 1054814 "-" "Python-urllib/2.7"
104.184.97.198 - - [19/May/2024:01:16:11 +0000] "GET /erddap/tabledap/nrt_SEA067_M37.ncCF? HTTP/1.1" 200 808404 "-" "Python-urllib/2.7"
104.184.97.198 - - [19/May/2024:01:16:13 +0000] "GET /erddap/tabledap/nrt_SEA067_M46.ncCF? HTTP/1.1" 200 963928 "-" "Python-urllib/2.7"
104.184.97.198 - - [19/May/2024:01:16:15 +0000] "GET /erddap/tabledap/nrt_SEA066_M10.ncCF? HTTP/1.1" 200 2557974 "-" "Python-urllib/2.7"
104.184.97.198 - - [19/May/2024:01:16:18 +0000] "GET /erddap/tabledap/nrt_SEA066_M42.ncCF? HTTP/1.1" 200 1252567 "-" "Python-urllib/2.7"
104.184.97.198 - - [19/May/2024:01:16:21 +0000] "GET /erddap/tabledap/nrt_SEA070_M13.ncCF? HTTP/1.1" 200 791911 "-" "Python-urllib/2.7"
104.184.97.198 - - [19/May/2024:01:16:22 +0000] "GET /erddap/tabledap/nrt_SEA077_M13.ncCF? HTTP/1.1" 200 282264 "-" "Python-urllib/2.7"
104.184.97.198 - - [19/May/2024:01:16:25 +0000] "GET /erddap/tabledap/nrt_SEA077_M22.ncCF? HTTP/1.1" 200 2938297 "-" "Python-urllib/2.7"
104.184.97.198 - - [19/May/2024:01:16:30 +0000] "GET /erddap/tabledap/nrt_SEA077_M31.ncCF? HTTP/1.1" 200 2860777 "-" "Python-urllib/2.7"
104.184.97.198 - - [19/May/2024:01:16:33 +0000] "GET /erddap/tabledap/nrt_SEA056_M55.ncCF? HTTP/1.1" 200 3221136 "-" "Python-urllib/2.7"
104.184.97.198 - - [19/May/2024:01:16:35 +0000] "GET /erddap/tabledap/nrt_SEA056_M66.ncCF? HTTP/1.1" 200 1103470 "-" "Python-urllib/2.7"
104.184.97.198 - - [19/May/2024:01:16:42 +0000] "GET /erddap/tabledap/nrt_SEA061_M40.ncCF? HTTP/1.1" 200 7643987 "-" "Python-urllib/2.7"
104.184.97.198 - - [19/May/2024:01:16:51 +0000] "GET /erddap/tabledap/nrt_SEA061_M50.ncCF? HTTP/1.1" 200 442856 "-" "Python-urllib/2.7"
104.184.97.198 - - [19/May/2024:01:16:52 +0000] "GET /erddap/tabledap/nrt_SEA061_M62.ncCF? HTTP/1.1" 200 837386 "-" "Python-urllib/2.7"
104.184.97.198 - - [19/May/2024:01:16:56 +0000] "GET /erddap/tabledap/nrt_SEA078_M15.ncCF? HTTP/1.1" 200 3171974 "-" "Python-urllib/2.7"
104.184.97.198 - - [19/May/2024:01:17:00 +0000] "GET /erddap/tabledap/nrt_SEA068_M30.ncCF? HTTP/1.1" 200 1089347 "-" "Python-urllib/2.7"
104.184.97.198 - - [19/May/2024:01:17:04 +0000] "GET /erddap/tabledap/nrt_SEA076_M17.ncCF? HTTP/1.1" 200 3630131 "-" "Python-urllib/2.7"
104.184.97.198 - - [19/May/2024:01:17:10 +0000] "GET /erddap/tabledap/nrt_SEA076_M25.ncCF? HTTP/1.1" 200 2598403 "-" "Python-urllib/2.7"
104.184.97.198 - - [19/May/2024:01:17:11 +0000] "GET /erddap/tabledap/nrt_SEA069_M17.ncCF? HTTP/1.1" 200 88322 "-" "Python-urllib/2.7"
104.184.97.198 - - [19/May/2024:01:17:12 +0000] "GET /erddap/tabledap/nrt_SEA069_M25.ncCF? HTTP/1.1" 200 1210671 "-" "Python-urllib/2.7"
104.184.97.198 - - [19/May/2024:01:17:14 +0000] "GET /erddap/tabledap/nrt_SEA055_M19.ncCF? HTTP/1.1" 200 459562 "-" "Python-urllib/2.7"
104.184.97.198 - - [19/May/2024:01:17:15 +0000] "GET /erddap/tabledap/nrt_SEA055_M26.ncCF? HTTP/1.1" 200 1112643 "-" "Python-urllib/2.7"
104.184.97.198 - - [19/May/2024:01:17:17 +0000] "GET /erddap/tabledap/nrt_SEA055_M37.ncCF? HTTP/1.1" 200 2282078 "-" "Python-urllib/2.7"
104.184.97.198 - - [19/May/2024:01:17:19 +0000] "GET /erddap/tabledap/nrt_SEA055_M46.ncCF? HTTP/1.1" 200 863384 "-" "Python-urllib/2.7"
104.184.97.198 - - [19/May/2024:01:17:20 +0000] "GET /erddap/tabledap/nrt_SEA055_M54.ncCF? HTTP/1.1" 200 867296 "-" "Python-urllib/2.7"
104.184.97.198 - - [19/May/2024:01:17:22 +0000] "GET /erddap/tabledap/nrt_SEA045_M41.ncCF? HTTP/1.1" 200 783769 "-" "Python-urllib/2.7"
104.184.97.198 - - [19/May/2024:01:17:25 +0000] "GET /erddap/tabledap/nrt_SEA045_M48.ncCF? HTTP/1.1" 200 486660 "-" "Python-urllib/2.7"
104.184.97.198 - - [19/May/2024:01:17:27 +0000] "GET /erddap/tabledap/nrt_SEA045_M56.ncCF? HTTP/1.1" 200 549731 "-" "Python-urllib/2.7"
104.184.97.198 - - [19/May/2024:01:17:28 +0000] "GET /erddap/tabledap/nrt_SEA045_M67.ncCF? HTTP/1.1" 200 1087007 "-" "Python-urllib/2.7"
104.184.97.198 - - [19/May/2024:01:17:30 +0000] "GET /erddap/tabledap/nrt_SEA045_M75.ncCF? HTTP/1.1" 200 777813 "-" "Python-urllib/2.7"
104.184.97.198 - - [19/May/2024:01:17:39 +0000] "GET /erddap/tabledap/nrt_SEA063_M20.ncCF? HTTP/1.1" 200 6869244 "-" "Python-urllib/2.7"
104.184.97.198 - - [19/May/2024:01:17:46 +0000] "GET /erddap/tabledap/nrt_SEA063_M35.ncCF? HTTP/1.1" 200 799558 "-" "Python-urllib/2.7"
104.184.97.198 - - [19/May/2024:01:17:48 +0000] "GET /erddap/tabledap/nrt_SEA063_M55.ncCF? HTTP/1.1" 200 655469 "-" "Python-urllib/2.7"
104.184.97.198 - - [19/May/2024:01:17:49 +0000] "GET /erddap/tabledap/nrt_SEA063_M65.ncCF? HTTP/1.1" 200 1126425 "-" "Python-urllib/2.7"
104.184.97.198 - - [19/May/2024:01:17:52 +0000] "GET /erddap/tabledap/nrt_SEA063_M73.ncCF? HTTP/1.1" 200 785065 "-" "Python-urllib/2.7"
104.184.97.198 - - [19/May/2024:01:17:57 +0000] "GET /erddap/tabledap/nrt_SEA079_M16.ncCF? HTTP/1.1" 200 2241164 "-" "Python-urllib/2.7"
104.184.97.198 - - [19/May/2024:01:17:59 +0000] "GET /erddap/tabledap/nrt_SEA044_M29.ncCF? HTTP/1.1" 200 433293 "-" "Python-urllib/2.7"
104.184.97.198 - - [19/May/2024:01:18:02 +0000] "GET /erddap/tabledap/nrt_SEA044_M35.ncCF? HTTP/1.1" 200 2206008 "-" "Python-urllib/2.7"
104.184.97.198 - - [19/May/2024:01:18:03 +0000] "GET /erddap/tabledap/nrt_SEA044_M48.ncCF? HTTP/1.1" 200 762222 "-" "Python-urllib/2.7"
104.184.97.198 - - [19/May/2024:01:18:05 +0000] "GET /erddap/tabledap/nrt_SEA044_M79.ncCF? HTTP/1.1" 200 891440 "-" "Python-urllib/2.7"
104.184.97.198 - - [19/May/2024:01:18:07 +0000] "GET /erddap/tabledap/nrt_SEA044_M86.ncCF? HTTP/1.1" 200 667066 "-" "Python-urllib/2.7"
104.184.97.198 - - [19/May/2024:01:18:09 +0000] "GET /erddap/tabledap/nrt_SEA067_M26.ncCF? HTTP/1.1" 200 1054814 "-" "Python-urllib/2.7"
104.184.97.198 - - [19/May/2024:01:18:11 +0000] "GET /erddap/tabledap/nrt_SEA067_M37.ncCF? HTTP/1.1" 200 808385 "-" "Python-urllib/2.7"
104.184.97.198 - - [19/May/2024:01:18:13 +0000] "GET /erddap/tabledap/nrt_SEA067_M46.ncCF? HTTP/1.1" 200 963923 "-" "Python-urllib/2.7"
104.184.97.198 - - [19/May/2024:01:18:15 +0000] "GET /erddap/tabledap/nrt_SEA066_M10.ncCF? HTTP/1.1" 200 2557969 "-" "Python-urllib/2.7"
104.184.97.198 - - [19/May/2024:01:18:18 +0000] "GET /erddap/tabledap/nrt_SEA066_M41.ncCF? HTTP/1.1" 200 1378842 "-" "Python-urllib/2.7"
104.184.97.198 - - [19/May/2024:01:18:21 +0000] "GET /erddap/tabledap/nrt_SEA066_M56.ncCF? HTTP/1.1" 200 2518998 "-" "Python-urllib/2.7"
104.184.97.198 - - [19/May/2024:01:18:22 +0000] "GET /erddap/tabledap/nrt_SEA077_M12.ncCF? HTTP/1.1" 200 453244 "-" "Python-urllib/2.7"
104.184.97.198 - - [19/May/2024:01:18:24 +0000] "GET /erddap/tabledap/nrt_SEA077_M21.ncCF? HTTP/1.1" 200 2279057 "-" "Python-urllib/2.7"
104.184.97.198 - - [19/May/2024:01:18:29 +0000] "GET /erddap/tabledap/nrt_SEA077_M29.ncCF? HTTP/1.1" 200 4094780 "-" "Python-urllib/2.7"
104.184.97.198 - - [19/May/2024:01:18:32 +0000] "GET /erddap/tabledap/nrt_SEA056_M54.ncCF? HTTP/1.1" 200 588664 "-" "Python-urllib/2.7"
104.184.97.198 - - [19/May/2024:01:18:34 +0000] "GET /erddap/tabledap/nrt_SEA056_M64.ncCF? HTTP/1.1" 200 1077580 "-" "Python-urllib/2.7"
104.184.97.198 - - [19/May/2024:01:18:41 +0000] "GET /erddap/tabledap/nrt_SEA061_M39.ncCF? HTTP/1.1" 200 8437194 "-" "Python-urllib/2.7"
104.184.97.198 - - [19/May/2024:01:18:51 +0000] "GET /erddap/tabledap/nrt_SEA061_M48.ncCF? HTTP/1.1" 200 5889009 "-" "Python-urllib/2.7"
104.184.97.198 - - [19/May/2024:01:18:52 +0000] "GET /erddap/tabledap/nrt_SEA061_M60.ncCF? HTTP/1.1" 200 524259 "-" "Python-urllib/2.7"
104.184.97.198 - - [19/May/2024:01:18:55 +0000] "GET /erddap/tabledap/nrt_SEA078_M14.ncCF? HTTP/1.1" 200 3645367 "-" "Python-urllib/2.7"
4.131.205.59 - - [19/May/2024:01:19:02 +0000] "GET /erddap/tabledap/nrt_SEA079_M11.html HTTP/1.1" 200 36981 "-" "Mozilla/5.0 ERDDAP/2.23"
 "Python-urllib/2.7"
46.14.162.78 - - [19/May/2024:01:24:18 +0000] "GET /erddap/tabledap/nrt_SEA056_M66.fgdc HTTP/1.1" 200 5513 "-" "Mozilla/5.0"
78.40.63.239 - - [19/May/2024:01:26:14 +0000] "GET /erddap/tabledap/nrt_SEA044_M78.ncCF? HTTP/1.1" 200 1231440 "-" "kmdjdheyytgebfghehhenegsdfsdf"
78.40.63.239 - - [19/May/2024:01:26:17 +0000] "GET /erddap/tabledap/nrt_SEA045_M79.ncCF? HTTP/1.1" 200 1014156 "-" "kmdjdheyytgebfghehhenegsdfsdf"
78.40.63.239 - - [19/May/2024:01:26:20 +0000] "GET /erddap/tabledap/nrt_SEA076_M17.ncCF? HTTP/1.1" 200 3630134 "-" "kmdjdheyytgebfghehhenegsdfsdf"
78.40.63.239 - - [19/May/2024:01:26:23 +0000] "GET /erddap/tabledap/nrt_SEA078_M14.ncCF? HTTP/1.1" 200 3645438 "-" "kmdjdheyytgebfghehhenegsdfsdf"
78.40.63.239 - - [19/May/2024:01:26:26 +0000] "GET /erddap/tabledap/nrt_SEA056_M64.ncCF? HTTP/1.1" 200 1077562 "-" "kmdjdheyytgebfghehhenegsdfsdf"
78.40.63.239 - - [19/May/2024:01:26:29 +0000] "GET /erddap/tabledap/nrt_SEA077_M25.ncCF? HTTP/1.1" 200 2695508 "-" "kmdjdheyytgebfghehhenegsdfsdf"
78.40.63.239 - - [19/May/2024:01:26:31 +0000] "GET /erddap/tabledap/nrt_SEA079_M16.ncCF? HTTP/1.1" 200 2241136 "-" "kmdjdheyytgebfghehhenegsdfsdf"
78.40.63.239 - - [19/May/2024:01:26:34 +0000] "GET /erddap/tabledap/nrt_SEA067_M51.ncCF? HTTP/1.1" 200 1015533 "-" "kmdjdheyytgebfghehhenegsdfsdf"
78.40.63.239 - - [19/May/2024:01:26:38 +0000] "GET /erddap/tabledap/nrt_SEA063_M69.ncCF? HTTP/1.1" 200 1197910 "-" "kmdjdheyytgebfghehhenegsdfsdf"
78.40.63.239 - - [19/May/2024:01:26:41 +0000] "GET /erddap/tabledap/nrt_SEA067_M53.ncCF? HTTP/1.1" 200 1151258 "-" "kmdjdheyytgebfghehhenegsdfsdf"
78.40.63.239 - - [19/May/2024:01:26:44 +0000] "GET /erddap/tabledap/nrt_SEA069_M25.ncCF? HTTP/1.1" 200 1210711 "-" "kmdjdheyytgebfghehhenegsdfsdf"
 "curl/7.54.0"
201.86.107.206 - - [19/May/2024:01:32:46 +0000] "GET /erddap/tabledap/nrt_SEA063_M73.fgdc HTTP/1.1" 200 5597 "-" "localhost.localdomain/go-network-v2.0.1"
156.73.58.234 - - [19/May/2024:01:35:18 +0000] "GET /erddap/tabledap/nrt_SEA044_M34.html HTTP/1.1" 200 35002 "-" "kmdjdheyytgebfghehhenegsdfsdf"
156.73.58.234 - - [19/May/2024:01:39:21 +0000] "GET /robots.txt HTTP/1.1" 200 527 "-" "kmdjdheyytgebfghehhenegsdfsdf"
95.17.251.101 - - [19/May/2024:01:40:43 +0000] "GET /erddap/tabledap/nrt_SEA077_M33.graph HTTP/1.1" 200 25655 "-" "python-requests/2.31.0"
240.45.243.181 - - [19/May/2024:01:43:28 +0000] "GET /erddap/griddap/adcp_SEA066_M10.html HTTP/1.1" 200 18130 "-" "Wget/1.20.3 (linux-gnu)"
98.114.172.215 - - [19/May/2024:01:48:50 +0000] "GET /erddap/tabledap/delayed_SEA055_M16.subset HTTP/1.1" 200 20932 "-" "Python-urllib/3.6"
 "Python-urllib/2.7"
 "crawler_eb_germany_2.0"
237.85.78.47 - - [19/May/2024:02:00:02 +0000] "GET /erddap/tabledap/allDatasets.json?maxTime&datasetID=%22delayed_SEA066_M56%22&distinct() HTTP/1.1" 404 114 "-" "-" "curl/7.54.0"
90.78.200.151 - - [19/May/2024:02:00:32 +0000] "GET /erddap/tabledap/delayed_SEA069_M9.html HTTP/1.1" 200 33600 "-" "Mozilla/5.0 (X11; Linux x86_64)"
 "curl/7.54.0"
 "curl/7.54.0"
 "curl/7.54.0"
 "curl/7.54.0"
153.110.186.252 - - [19/May/2024:02:22:46 +0000] "GET /erddap/info/nrt_SEA067_M44/index.html HTTP/1.1" 200 26180 "-" "Python/3.8 aiohttp/3.9.5"
98.114.172.215 - - [19/May/2024:02:28:04 +0000] "GET /erddap/tabledap/delayed_SEA077_M28.das HTTP/1.1" 200 8627 "-" "Python-urllib/3.6"
171.177.25.126 - - [19/May/2024:02:30:20 +0000] "GET /erddap/tabledap/allDatasets.csv HTTP/1.1" 200 598338 "-" "python-requests/2.28.1"
 "Python-urllib/2.7"
228.183.222.118 - - [19/May/2024:02:35:47 +0000] "GET /erddap/tabledap/nrt_SEA056_M71.subset HTTP/1.1" 200 8767 "-" "xpublish-erddap"
122.14.7.46 - - [19/May/2024:02:39:12 +0000] "GET /erddap/tabledap/nrt_SEA055_M21.html HTTP/1.1" 200 34729 "-" "python-requests/2.28.2"
96.81.250.65 - - [19/May/2024:02:40:12 +0000] "GET /erddap/convert/index.html HTTP/1.1" 200 2550 "-" "'Mozilla/5.0"
 "curl/7.54.0"
 "Python-urllib/2.7"
83.173.196.215 - - [19/May/2024:02:51:16 +0000] "GET /erddap/tabledap/nrt_SEA045_M52.graph HTTP/1.1" 200 23619 "-" "python-requests/2.28.1"
 "Python-urllib/2.7"
48.90.40.19 - - [19/May/2024:02:53:27 +0000] "GET /WebInterface/ HTTP/1.1" 404 197 "-" "curl/7.54.0"
48.245.211.70 - - [19/May/2024:02:54:05 +0000] "GET /erddap/tabledap/nrt_SEA045_M62.subset HTTP/1.1" 200 7906 "-" "python-requests/2.28.2"
48.90.40.19 - - [19/May/2024:02:54:34 +0000] "GET /favicon-32x32.png HTTP/1.1" 404 197 "-" "curl/7.54.0"
48.90.40.19 - - [19/May/2024:02:55:04 +0000] "GET /cgi-bin/authLogin.cgi HTTP/1.1" 404 197 "-" "curl/7.54.0"
48.90.40.19 - - [19/May/2024:02:55:20 +0000] "GET /api/session/properties HTTP/1.1" 404 197 "-" "curl/7.54.0"
48.90.40.19 - - [19/May/2024:02:55:45 +0000] "GET /solr/ HTTP/1.1" 404 197 "-" "curl/7.54.0"
165.75.14.120 - - [19/May/2024:02:57:06 +0000] "GET /erddap/tabledap/delayed_SEA061_M40.subset HTTP/1.1" 499 0 "-" "python-requests/2.28.2"
23.179.60.128 - - [19/May/2024:02:58:18 +0000] "GET /erddap/tabledap/nrt_SEA066_M56.html HTTP/1.1" 200 36097 "-" "python-httpx/0.24.1"
171.177.25.126 - - [19/May/2024:03:00:22 +0000] "GET /erddap/tabledap/nrt_SEA063_M73.html HTTP/1.1" 200 310923 "-" "python-requests/2.28.1"
95.17.251.101 - - [19/May/2024:03:02:00 +0000] "GET /erddap/info/nrt_SEA061_M42/index.html HTTP/1.1" 200 24334 "-" "python-requests/2.31.0"
 "Python-urllib/2.7"
 "Python-urllib/2.7"
224.89.217.35 - - [19/May/2024:03:17:03 +0000] "GET /.git/config HTTP/1.1" 404 197 "-" "Mozilla/5.0 ERDDAP/2.23"
 "python-requests/2.25.1"
236.3.70.0 - - [19/May/2024:03:18:10 +0000] "GET /erddap/metadata/fgdc/xml/nrt_SEA077_M33_fgdc.xml HTTP/1.1" 200 5720 "-" "Mozilla/5.0 ERDDAP/2.17"
 "Python-urllib/2.7"
 "Python-urllib/2.7"
84.20.181.236 - - [19/May/2024:03:30:50 +0000] "GET /erddap/tabledap/delayed_SEA067_M51.graph HTTP/1.1" 200 28807 "-" "Python-urllib/3.12"
 "curl/7.54.0"
 "Python-urllib/2.7"
70.137.235.186 - - [19/May/2024:03:40:49 +0000] "GET /robots.txt HTTP/1.1" 200 527 "-" "kmdjdheyytgebfghehhenegsdfsdf"
 "curl/7.54.0"
153.110.186.252 - - [19/May/2024:03:47:04 +0000] "GET /erddap/tabledap/nrt_SEA045_M69.fgdc HTTP/1.1" 200 5512 "-" "Python/3.8 aiohttp/3.9.5"
175.71.69.165 - - [19/May/2024:03:53:10 +0000] "GET /.git/config HTTP/1.1" 404 197 "-" "Mozilla/5.0 ERDDAP/2.23"
 "Python-urllib/2.7"
171.177.25.126 - - [19/May/2024:04:00:21 +0000] "GET /erddap/tabledap/allDatasets.csv HTTP/1.1" 200 598328 "-" "python-requests/2.28.1"
 "Python-urllib/2.7"
52.161.193.177 - - [19/May/2024:04:12:18 +0000] "GET /favicon.ico HTTP/1.1" 404 134 "-" "curl/7.75.0"
4.131.205.59 - - [19/May/2024:04:17:43 +0000] "GET /erddap/tabledap/nrt_SEA056_M66.subset HTTP/1.1" 200 8164 "-" "Mozilla/5.0 ERDDAP/2.23"
71.126.53.170 - - [19/May/2024:04:18:37 +0000] "GET /erddap/info/nrt_SEA044_M86/index.html HTTP/1.1" 200 24051 "-" "crawler_eb_germany_2.0"
37.153.75.208 - - [19/May/2024:04:20:39 +0000] "GET /erddap/tabledap/nrt_SEA079_M9.html HTTP/1.1" 200 37325 "-" "Python-urllib/2.7"
 "Python-urllib/2.7"
 "curl/7.54.0"
 "curl/7.54.0"
237.85.78.47 - - [19/May/2024:04:37:45 +0000] "GET /erddap/version HTTP/1.1" 200 51 "-" "curl/7.54.0"
237.85.78.47 - - [19/May/2024:04:37:54 +0000] "GET /erddap/subscriptions/add.html?datasetID=delayed_SEA063_M65&email=fake%40example.com&emailIfAlreadyValid=false&action=https%3A%2F%2Ferddap.emodnet-physics.eu%2Ferddap%2FsetDatasetFlag.txt%3FdatasetID%3Ddelayed_SEA063_M65%26flagKey%3D9e6d6405d172558c639359c88086e13277968f9f788caf65049e09d36169bed1 HTTP/1.1" 200 10812 "-" "curl/7.54.0"
237.85.78.47 - - [19/May/2024:04:37:57 +0000] "GET /erddap/subscriptions/add.html?datasetID=delayed_SEA044_M86&email=fake%40example.com&emailIfAlreadyValid=false&action=https%3A%2F%2Ferddap.emodnet-physics.eu%2Ferddap%2FsetDatasetFlag.txt%3FdatasetID%3Ddelayed_SEA044_M86%26flagKey%3D671141d96e22b934efc62335f7bb486167ffc505c0a5110defcf3656ca98c996 HTTP/1.1" 200 10812 "-" "curl/7.54.0"
171.177.25.126 - - [19/May/2024:04:40:23 +0000] "GET /erddap/tabledap/allDatasets.csv HTTP/1.1" 200 598332 "-" "python-requests/2.28.1"
156.73.58.234 - - [19/May/2024:04:43:46 +0000] "GET /robots.txt HTTP/1.1" 200 527 "-" "kmdjdheyytgebfghehhenegsdfsdf"
70.137.235.186 - - [19/May/2024:04:49:37 +0000] "GET /erddap/tabledap/nrt_SEA069_M11.html HTTP/1.1" 200 35355 "-" "kmdjdheyytgebfghehhenegsdfsdf"
 "curl/7.54.0"
36.97.65.167 - - [19/May/2024:04:58:13 +0000] "GET /erddap/tabledap/nrt_SEA055_M53.das HTTP/1.1" 200 7675 "-" "python-requests/2.31.0"
 "curl/7.54.0"
171.177.25.126 - - [19/May/2024:05:10:21 +0000] "GET /erddap/tabledap/allDatasets.csv HTTP/1.1" 200 598317 "-" "python-requests/2.28.1"
15.140.53.217 - - [19/May/2024:05:11:38 +0000] "GET /erddap/categorize/keywords/index.html?page=1&itemsPerPage=1000 HTTP/1.1" 200 74164 "-" "curl/7.54.0"
15.140.53.217 - - [19/May/2024:05:12:47 +0000] "GET /erddap/wms/documentation.html HTTP/1.1" 200 37034 "-" "curl/7.54.0"
15.140.53.217 - - [19/May/2024:05:12:55 +0000] "GET /erddap/tabledap/allDatasets.html HTTP/1.1" 200 163713 "-" "curl/7.54.0"
15.140.53.217 - - [19/May/2024:05:13:04 +0000] "GET /erddap/convert/units.html HTTP/1.1" 200 25797 "-" "curl/7.54.0"
 "curl/7.54.0"
15.140.53.217 - - [19/May/2024:05:14:20 +0000] "GET /erddap/metadata/fgdc/xml/ HTTP/1.1" 200 146506 "-" "curl/7.54.0"
15.140.53.217 - - [19/May/2024:05:14:29 +0000] "GET /erddap/convert/oceanicAtmosphericVariableNames.html HTTP/1.1" 200 19165 "-" "curl/7.54.0"
15.140.53.217 - - [19/May/2024:05:14:35 +0000] "GET /erddap/files/ HTTP/1.1" 200 149956 "-" "curl/7.54.0"
15.140.53.217 - - [19/May/2024:05:14:48 +0000] "GET /erddap/images/wz_tooltip.js HTTP/1.1" 200 36673 "-" "curl/7.54.0"
15.140.53.217 - - [19/May/2024:05:15:05 +0000] "GET /erddap/subscriptions/index.html HTTP/1.1" 200 6399 "-" "curl/7.54.0"
15.140.53.217 - - [19/May/2024:05:15:07 +0000] "GET /erddap/subscriptions/index.html HTTP/1.1" 200 6399 "-" "curl/7.54.0"
15.140.53.217 - - [19/May/2024:05:15:09 +0000] "GET /erddap/subscriptions/index.html HTTP/1.1" 200 6399 "-" "curl/7.54.0"
15.140.53.217 - - [19/May/2024:05:15:11 +0000] "GET /erddap/subscriptions/index.html HTTP/1.1" 200 6399 "-" "curl/7.54.0"
15.140.53.217 - - [19/May/2024:05:15:12 +0000] "GET /erddap/subscriptions/index.html HTTP/1.1" 200 6399 "-" "curl/7.54.0"
15.140.53.217 - - [19/May/2024:05:15:14 +0000] "GET /erddap/subscriptions/index.html HTTP/1.1" 200 6399 "-" "curl/7.54.0"
15.140.53.217 - - [19/May/2024:05:15:16 +0000] "GET /erddap/subscriptions/index.html HTTP/1.1" 200 6399 "-" "curl/7.54.0"
15.140.53.217 - - [19/May/2024:05:15:19 +0000] "GET /erddap/subscriptions/index.html HTTP/1.1" 200 6399 "-" "curl/7.54.0"
15.140.53.217 - - [19/May/2024:05:15:20 +0000] "GET /erddap/subscriptions/index.html HTTP/1.1" 200 6399 "-" "curl/7.54.0"
15.140.53.217 - - [19/May/2024:05:15:22 +0000] "GET /erddap/subscriptions/index.html HTTP/1.1" 200 6399 "-" "curl/7.54.0"
15.140.53.217 - - [19/May/2024:05:15:24 +0000] "GET /erddap/subscriptions/index.html HTTP/1.1" 200 6399 "-" "curl/7.54.0"
15.140.53.217 - - [19/May/2024:05:15:26 +0000] "GET /erddap/subscriptions/index.html HTTP/1.1" 200 6399 "-" "curl/7.54.0"
15.140.53.217 - - [19/May/2024:05:15:43 +0000] "GET /erddap/subscriptions/index.html HTTP/1.1" 200 6399 "-" "curl/7.54.0"
15.140.53.217 - - [19/May/2024:05:15:44 +0000] "GET /erddap/subscriptions/index.html HTTP/1.1" 200 6399 "-" "curl/7.54.0"
15.140.53.217 - - [19/May/2024:05:15:45 +0000] "GET /erddap/subscriptions/index.html HTTP/1.1" 200 6399 "-" "curl/7.54.0"
15.140.53.217 - - [19/May/2024:05:15:47 +0000] "GET /erddap/subscriptions/index.html HTTP/1.1" 200 6399 "-" "curl/7.54.0"
15.140.53.217 - - [19/May/2024:05:15:48 +0000] "GET /erddap/subscriptions/index.html HTTP/1.1" 200 6399 "-" "curl/7.54.0"
15.140.53.217 - - [19/May/2024:05:15:50 +0000] "GET /erddap/subscriptions/index.html HTTP/1.1" 200 6399 "-" "curl/7.54.0"
15.140.53.217 - - [19/May/2024:05:15:52 +0000] "GET /erddap/subscriptions/index.html HTTP/1.1" 200 6399 "-" "curl/7.54.0"
15.140.53.217 - - [19/May/2024:05:15:53 +0000] "GET /erddap/subscriptions/index.html HTTP/1.1" 200 6399 "-" "curl/7.54.0"
228.183.222.118 - - [19/May/2024:05:16:26 +0000] "GET /erddap/tabledap/nrt_SEA068_M30.fgdc HTTP/1.1" 200 5732 "-" "xpublish-erddap"
181.45.226.160 - - [19/May/2024:05:19:00 +0000] "GET /erddap/tabledap/nrt_SEA045_M45.html HTTP/1.1" 200 35308 "-" "python-httpx/0.24.1"
 "curl/7.54.0"
 "Python-urllib/2.7"
8.90.73.36 - - [19/May/2024:05:30:53 +0000] "POST / HTTP/1.1" 301 178 "-" "python-httpx/0.27.0"
4.131.205.59 - - [19/May/2024:05:37:07 +0000] "GET /erddap/info/delayed_SEA044_M28/index.html HTTP/1.1" 200 24825 "-" "Mozilla/5.0 ERDDAP/2.23"
171.177.25.126 - - [19/May/2024:05:40:19 +0000] "GET /erddap/tabledap/allDatasets.csv HTTP/1.1" 200 598329 "-" "python-requests/2.28.1"
138.241.104.113 - - [19/May/2024:05:44:03 +0000] "GET /robots.txt HTTP/1.1" 200 527 "-" "Python-urllib/3.6"
50.252.158.81 - - [19/May/2024:05:46:53 +0000] "GET /erddap/images/favicon.ico HTTP/1.1" 200 1542 "-" "python-requests/2.26.0"
 "Python-urllib/2.7"
 "Python-urllib/2.7"
171.177.25.126 - - [19/May/2024:06:00:13 +0000] "GET /erddap/tabledap/nrt_SEA069_M27.csv?time%2Clatitude%2Clongitude%2Cdepth%2Caltimeter%2Cangular_cmd%2Cangular_pos%2Cbackscatter_raw%2Cbackscatter_scaled%2Cballast_cmd%2Cballast_pos%2Cchlorophyll%2Cchlorophyll_qc%2Cchlorophyll_raw%2Cconductivity%2Cconductivity_qc%2Cdead_reckoning%2Cdeclination%2Cdensity%2Cdensity_qc%2Cdesired_heading%2Cdistance_over_ground%2Cdive_num%2Cheading%2Cinternal_pressure%2Cinternal_temperature%2Clinear_cmd%2Clinear_pos%2Cnav_resource%2Cnav_state%2Coxygen_concentration%2Coxygen_concentration_qc%2Cparticulate_backscatter%2Cphycocyanin%2Cphycocyanin_raw%2Cpitch%2Cpotential_density%2Cpotential_density_qc%2Cpotential_temperature%2Cpotential_temperature_qc%2Cpressure%2Cprofile_direction%2Cprofile_index%2Cprofile_num%2Croll%2Csalinity%2Csalinity_qc%2Csecurity_level%2Ctemperature%2Ctemperature_oxygen%2Ctemperature_qc%2Cvertical_distance_to_seafloor%2Cvoltage&time%3E=2024-05-18T17:17:29Z&time%3C2024-05-19T06:00:12Z HTTP/1.1" 200 100439 "-" "python-requests/2.28.1"
171.177.25.126 - - [19/May/2024:06:00:18 +0000] "GET /erddap/tabledap/allDatasets.csv HTTP/1.1" 200 598317 "-" "python-requests/2.28.1"
171.177.25.126 - - [19/May/2024:06:00:19 +0000] "GET /erddap/tabledap/nrt_SEA066_M56.html HTTP/1.1" 200 319003 "-" "python-requests/2.28.1"
175.61.211.53 - - [19/May/2024:06:01:30 +0000] "GET /erddap/info/adcp_SEA066_M10/index.html HTTP/1.1" 200 16833 "-" "Python-urllib/3.6"
91.165.91.253 - - [19/May/2024:06:03:30 +0000] "GET /erddap/tabledap/nrt_SEA070_M13.html HTTP/1.1" 200 35128 "-" "'Mozilla/5.0"
181.45.226.160 - - [19/May/2024:06:05:42 +0000] "GET /erddap/info/nrt_SEA061_M38/index.html HTTP/1.1" 200 24272 "-" "python-httpx/0.24.1"
104.184.97.198 - - [19/May/2024:06:06:20 +0000] "GET /erddap/tabledap/nrt_SEA044_M33.csv?longitude,latitude,dive_num,vertical_distance_to_seafloor HTTP/1.1" 200 983842 "-" "Python-urllib/2.7"
171.177.25.126 - - [19/May/2024:06:10:21 +0000] "GET /erddap/tabledap/allDatasets.csv HTTP/1.1" 200 598315 "-" "python-requests/2.28.1"
148.201.141.236 - - [19/May/2024:06:15:31 +0000] "GET /erddap/wms/documentation.html HTTP/1.1" 200 8023 "-" "python-requests/2.31.0"
84.20.181.236 - - [19/May/2024:06:18:50 +0000] "GET /erddap/griddap/adcp_SEA063_M65.html HTTP/1.1" 200 18091 "-" "Python-urllib/3.12"
 "curl/7.54.0"
 "Python-urllib/2.7"
 "python-httpx/0.26.0"
 "crawler_eb_germany_2.0"
138.241.104.113 - - [19/May/2024:06:43:36 +0000] "GET /erddap/info/adcp_SEA056_M71/index.html HTTP/1.1" 200 18749 "-" "Python-urllib/3.6"
171.177.25.126 - - [19/May/2024:06:50:19 +0000] "GET /erddap/tabledap/allDatasets.csv HTTP/1.1" 200 598322 "-" "python-requests/2.28.1"
 "Python-urllib/2.7"
70.137.235.186 - - [19/May/2024:06:56:38 +0000] "GET /erddap/tabledap/nrt_SEA055_M16.html HTTP/1.1" 200 35149 "-" "kmdjdheyytgebfghehhenegsdfsdf"
171.177.25.126 - - [19/May/2024:07:00:17 +0000] "GET /erddap/tabledap/allDatasets.csv HTTP/1.1" 200 598402 "-" "python-requests/2.28.1"
171.177.25.126 - - [19/May/2024:07:00:24 +0000] "GET /erddap/tabledap/nrt_SEA063_M73.csv?time%2Clatitude%2Clongitude%2Cdepth%2Cad2cp_beam1_cell_number1%2Cad2cp_beam2_cell_number1%2Cad2cp_beam3_cell_number1%2Cad2cp_beam4_cell_number1%2Cad2cp_heading%2Cad2cp_pitch%2Cad2cp_pressure%2Cad2cp_roll%2Cad2cp_time%2Caltimeter%2Cangular_cmd%2Cangular_pos%2Cballast_cmd%2Cballast_pos%2Cchlorophyll%2Cchlorophyll_qc%2Cchlorophyll_raw%2Cconductivity%2Cconductivity_qc%2Cdead_reckoning%2Cdeclination%2Cdensity%2Cdensity_qc%2Cdesired_heading%2Cdistance_over_ground%2Cdive_num%2Cdownwelling_PAR%2Cheading%2Cinternal_pressure%2Cinternal_temperature%2Cinternal_temperature_PAR%2Clinear_cmd%2Clinear_pos%2Cnav_resource%2Cnav_state%2Coxygen_concentration%2Coxygen_concentration_qc%2Cpitch%2Cpotential_density%2Cpotential_density_qc%2Cpotential_temperature%2Cpotential_temperature_qc%2Cpressure%2Cprofile_direction%2Cprofile_index%2Cprofile_num%2Croll%2Csalinity%2Csalinity_qc%2Csecurity_level%2Ctemperature%2Ctemperature_oxygen%2Ctemperature_qc%2Cturbidity%2Cturbidity_raw%2Cvertical_distance_to_seafloor%2Cvoltage&time%3E=2024-05-19T01:59:53Z&time%3C2024-05-19T07:00:23Z HTTP/1.1" 200 32285 "-" "python-requests/2.28.1"
 "curl/7.54.0"
 "curl/7.54.0"
26.121.110.164 - - [19/May/2024:07:10:39 +0000] "GET /erddap/tabledap/delayed_SEA061_M50.html HTTP/1.1" 200 43340 "-" "Mozilla/5.0 ERDDAP/2.17"
240.110.21.57 - - [19/May/2024:07:15:43 +0000] "GET /erddap/tabledap/delayed_SEA077_M17.subset HTTP/1.1" 200 12733 "-" "Python-urllib/3.12"
71.126.53.170 - - [19/May/2024:07:21:44 +0000] "GET /erddap/tabledap/delayed_SEA055_M26.html HTTP/1.1" 200 39021 "-" "crawler_eb_germany_2.0"
192.240.191.29 - - [19/May/2024:07:25:04 +0000] "GET /dns-query?dns=e9sBAAABAAAAAAAAB2V4YW1wbGUDY29tAAABAAE HTTP/1.1" 404 162 "-" "python-httpx/0.27.0"
192.240.191.29 - - [19/May/2024:07:25:06 +0000] "GET /dns-query?name=example.com&type=A HTTP/1.1" 404 162 "-" "python-httpx/0.27.0"
192.240.191.29 - - [19/May/2024:07:25:07 +0000] "POST /query HTTP/1.1" 404 162 "-" "python-httpx/0.27.0"
192.240.191.29 - - [19/May/2024:07:25:08 +0000] "GET /resolve?dns=gjoBAAABAAAAAAAAB2V4YW1wbGUDY29tAAABAAE HTTP/1.1" 404 162 "-" "python-httpx/0.27.0"
192.240.191.29 - - [19/May/2024:07:25:09 +0000] "GET /?name=example.com&type=A HTTP/1.1" 301 178 "-" "python-httpx/0.27.0"
98.114.172.215 - - [19/May/2024:07:26:16 +0000] "GET /erddap/tabledap/nrt_SEA063_M69.fgdc HTTP/1.1" 200 5604 "-" "Python-urllib/3.6"
171.177.25.126 - - [19/May/2024:07:30:23 +0000] "GET /erddap/tabledap/nrt_SEA069_M27.html HTTP/1.1" 200 285862 "-" "python-requests/2.28.1"
 "curl/7.54.0"
6.89.80.212 - - [19/May/2024:07:38:13 +0000] "GET /erddap/tabledap/nrt_SEA070_M13.fgdc HTTP/1.1" 200 5699 "-" "python-requests/2.31.0"
53.223.123.199 - - [19/May/2024:07:40:53 +0000] "GET /erddap/griddap/index.json?page=1&itemsPerPage=1000 HTTP/1.1" 200 4830 "-" "Friendly_Crawler/Nutch-1.20-SNAPSHOT"
53.223.123.199 - - [19/May/2024:07:40:54 +0000] "GET /erddap/griddap/adcp_SEA068_M30.dods?time%5b0%5d HTTP/1.1" 200 89 "-" "Friendly_Crawler/Nutch-1.20-SNAPSHOT"
53.223.123.199 - - [19/May/2024:07:40:57 +0000] "GET /erddap/griddap/adcp_SEA076_M8.dds HTTP/1.1" 200 746 "-" "Friendly_Crawler/Nutch-1.20-SNAPSHOT"
90.199.24.51 - - [19/May/2024:07:41:16 +0000] "GET /erddap/metadata/fgdc/xml/nrt_SEA077_M11_fgdc.xml HTTP/1.1" 200 5749 "-" "curl/7.54.0"
48.245.211.70 - - [19/May/2024:07:44:52 +0000] "GET /erddap/griddap/adcp_SEA077_M12.graph HTTP/1.1" 200 20115 "-" "python-requests/2.28.2"
51.25.179.160 - - [19/May/2024:07:49:48 +0000] "GET /erddap/tabledap/nrt_SEA067_M44.subset HTTP/1.1" 200 7910 "-" "python-requests/2.31.0"
 "Python-urllib/2.7"
36.97.65.167 - - [19/May/2024:07:56:07 +0000] "GET /erddap/tabledap/delayed_SEA055_M19.subset HTTP/1.1" 200 18241 "-" "python-requests/2.31.0"
252.36.165.192 - - [19/May/2024:07:58:24 +0000] "GET /erddap/tabledap/nrt_SEA077_M29.html HTTP/1.1" 200 37543 "-" "python-requests/2.25.1"
171.177.25.126 - - [19/May/2024:08:00:21 +0000] "GET /erddap/tabledap/allDatasets.csv HTTP/1.1" 200 598323 "-" "python-requests/2.28.1"
232.25.15.242 - - [19/May/2024:08:04:03 +0000] "GET /erddap/tabledap/nrt_SEA076_M9.fgdc HTTP/1.1" 200 5871 "-" "python-httpx/0.24.1"
171.177.25.126 - - [19/May/2024:08:10:25 +0000] "GET /erddap/tabledap/allDatasets.csv HTTP/1.1" 200 598336 "-" "python-requests/2.28.1"
 "curl/7.54.0"
228.19.171.147 - - [19/May/2024:08:15:50 +0000] "GET /erddap/metadata/iso19115/xml/delayed_SEA045_M62_iso19115.xml HTTP/1.1" 200 8786 "-" "Go-http-client/1.1"
7.220.36.21 - - [19/May/2024:08:18:45 +0000] "GET /erddap/metadata/iso19115/xml/delayed_SEA069_M26_iso19115.xml HTTP/1.1" 200 8650 "-" "Python-urllib/3.6"
177.34.85.85 - - [19/May/2024:08:21:45 +0000] "GET /erddap/tabledap/nrt_SEA056_M54.iso19115 HTTP/1.1" 200 8689 "-" "Friendly_Crawler/Nutch-1.20-SNAPSHOT"
16.70.173.232 - - [19/May/2024:08:24:02 +0000] "GET /erddap/tabledap/delayed_SEA063_M24.html HTTP/1.1" 499 0 "-" "Wget/1.20.3 (linux-gnu)"
165.154.109.0 - - [19/May/2024:08:26:56 +0000] "GET /erddap/tabledap/delayed_SEA063_M22.subset HTTP/1.1" 499 0 "-" "Go-http-client/1.1"
 "curl/7.54.0"
98.114.172.215 - - [19/May/2024:08:30:50 +0000] "GET /erddap/tabledap/delayed_SEA045_M41.html HTTP/1.1" 200 40039 "-" "Python-urllib/3.6"
 "curl/7.54.0"
72.107.102.234 - - [19/May/2024:08:37:44 +0000] "GET /erddap/griddap/adcp_SEA076_M21.html HTTP/1.1" 200 18282 "-" "curl/7.29.0"
148.87.179.6 - - [19/May/2024:08:39:11 +0000] "GET /erddap/files/delayed_SEA044_M90/.csv HTTP/1.1" 200 112 "-" "curl/7.54.0"
176.138.237.159 - - [19/May/2024:08:40:13 +0000] "GET /erddap/tabledap/delayed_SEA061_M50.html HTTP/1.1" 200 43340 "-" "python-requests/2.28.1"
225.208.212.124 - - [19/May/2024:08:43:40 +0000] "GET /erddap/info/nrt_SEA069_M25/index.html HTTP/1.1" 200 24701 "-" "Python/3.8 aiohttp/3.9.5"
53.83.133.19 - - [19/May/2024:08:49:03 +0000] "GET /erddap/tabledap/delayed_SEA056_M54.html HTTP/1.1" 200 40648 "-" "Python-urllib/2.7"
 "Python-urllib/2.7"
148.87.179.6 - - [19/May/2024:08:54:21 +0000] "GET /erddap/tabledap/delayed_SEA078_M24.nccsvMetadata HTTP/1.1" 200 10193 "-" "curl/7.54.0"
148.87.179.6 - - [19/May/2024:08:54:22 +0000] "GET /erddap/subscriptions/add.html?datasetID=delayed_SEA078_M24&email=fake@example.com&emailIfAlreadyValid=false&action=https%3A%2F%2Fingestion-erddap.emodnet-physics.eu%2Ferddap%2FsetDatasetFlag.txt%3FdatasetID%3DVOTO_delayed_SEA078_M24%26flagKey%3D409a6ea537ea96dc703ebfdf106e39fd25ca6425da91cd98063ee2074264d493 HTTP/1.1" 200 10837 "-" "curl/7.54.0"
 "curl/7.54.0"
171.177.25.126 - - [19/May/2024:09:00:23 +0000] "GET /erddap/tabledap/allDatasets.csv HTTP/1.1" 200 598310 "-" "python-requests/2.28.1"
181.45.226.160 - - [19/May/2024:09:02:53 +0000] "GET /erddap/tabledap/delayed_SEA063_M71.html HTTP/1.1" 200 41901 "-" "python-httpx/0.24.1"
123.75.71.43 - - [19/May/2024:09:07:28 +0000] "GET /erddap/tabledap/nrt_SEA055_M20.subset HTTP/1.1" 200 8027 "-" "Mozilla/5.0 zgrab/0.x"
171.177.25.126 - - [19/May/2024:09:10:20 +0000] "GET /erddap/tabledap/allDatasets.csv HTTP/1.1" 200 598318 "-" "python-requests/2.28.1"
156.184.218.115 - - [19/May/2024:09:13:48 +0000] "GET /erddap/tabledap/nrt_SEA077_M24.iso19115 HTTP/1.1" 200 9225 "-" "python-httpx/0.24.1"
122.6.21.32 - - [19/May/2024:09:15:28 +0000] "GET /erddap/info/adcp_SEA077_M11/index.html HTTP/1.1" 200 17417 "-" "'Mozilla/5.0"
53.223.123.199 - - [19/May/2024:09:15:58 +0000] "GET /erddap/griddap/adcp_SEA068_M30.dds HTTP/1.1" 200 747 "-" "Friendly_Crawler/Nutch-1.20-SNAPSHOT"
53.223.123.199 - - [19/May/2024:09:15:59 +0000] "GET /erddap/griddap/adcp_SEA076_M8.dds HTTP/1.1" 200 746 "-" "Friendly_Crawler/Nutch-1.20-SNAPSHOT"
53.223.123.199 - - [19/May/2024:09:16:00 +0000] "GET /erddap/griddap/adcp_SEA076_M8.dods?time%5b122709%5d HTTP/1.1" 200 88 "-" "Friendly_Crawler/Nutch-1.20-SNAPSHOT"
166.130.184.120 - - [19/May/2024:09:18:55 +0000] "GET /erddap/info/adcp_SEA076_M17/index.html HTTP/1.1" 200 18570 "-" "localhost.localdomain/go-network-v2.0.1"
 "curl/7.54.0"
148.87.179.6 - - [19/May/2024:09:24:15 +0000] "GET /erddap/tabledap/nrt_SEA063_M73.nccsv?profile_index&distinct() HTTP/1.1" 200 3765 "-" "curl/7.54.0"
148.87.179.6 - - [19/May/2024:09:24:16 +0000] "GET /erddap/tabledap/nrt_SEA069_M27.nccsv?profile_index&distinct() HTTP/1.1" 200 3655 "-" "curl/7.54.0"
148.87.179.6 - - [19/May/2024:09:24:17 +0000] "GET /erddap/subscriptions/add.html?datasetID=nrt_SEA069_M27&email=fake@example.com&emailIfAlreadyValid=false&action=https%3A%2F%2Fingestion-erddap.emodnet-physics.eu%2Ferddap%2FsetDatasetFlag.txt%3FdatasetID%3DVOTO_nrt_SEA069_M27%26flagKey%3Dc52f643d3f17534994f07a76dae58ae129143c7f2ad501a31b1b206ec743b700 HTTP/1.1" 200 10822 "-" "curl/7.54.0"
 "curl/7.54.0"
237.130.114.151 - - [19/May/2024:09:32:22 +0000] "GET /erddap/tabledap/nrt_SEA045_M50.das HTTP/1.1" 200 7266 "-" "Mozilla/5.0 zgrab/0.x"
171.177.25.126 - - [19/May/2024:09:40:20 +0000] "GET /erddap/tabledap/allDatasets.csv HTTP/1.1" 200 598324 "-" "python-requests/2.28.1"
237.85.78.47 - - [19/May/2024:09:47:39 +0000] "GET /erddap/info/nrt_SEA063_M73/index.json HTTP/1.1" 200 79144 "-" "-" "curl/7.54.0"
 "Python-urllib/2.7"
181.147.8.196 - - [19/May/2024:09:50:51 +0000] "GET /erddap/metadata/iso19115/xml/delayed_SEA063_M37_iso19115.xml HTTP/1.1" 200 8741 "-" "python-requests/2.28.1"
171.177.25.126 - - [19/May/2024:10:00:15 +0000] "GET /erddap/tabledap/allDatasets.csv HTTP/1.1" 200 598328 "-" "python-requests/2.28.1"
237.85.78.47 - - [19/May/2024:10:00:33 +0000] "GET /erddap/tabledap/allDatasets.json?maxTime&datasetID=%22nrt_SEA069_M27%22&distinct() HTTP/1.1" 200 174 "-" "-" "curl/7.54.0"
 "Python-urllib/2.7"
 "Python-urllib/2.7"
228.183.222.118 - - [19/May/2024:10:10:57 +0000] "GET /erddap/tabledap/delayed_SEA063_M55.subset HTTP/1.1" 200 13037 "-" "xpublish-erddap"
 "curl/7.54.0"
63.112.21.2 - - [19/May/2024:10:20:57 +0000] "GET /erddap/info/nrt_SEA077_M24/index.html HTTP/1.1" 200 26454 "-" "Mozilla/5.0"
224.123.104.187 - - [19/May/2024:10:25:50 +0000] "GET /erddap/tabledap/delayed_SEA055_M31.html HTTP/1.1" 200 40899 "-" "Mozilla/5.0 zgrab/0.x"
232.223.174.103 - - [19/May/2024:10:26:31 +0000] "GET /erddap/tabledap/nrt_SEA045_M45.fgdc HTTP/1.1" 200 5561 "-" "xpublish-erddap"
 "Python-urllib/2.7"
11.223.241.124 - - [19/May/2024:10:34:46 +0000] "GET /erddap/tabledap/delayed_SEA045_M50.das HTTP/1.1" 200 7696 "-" "python-httpx/0.26.0"
148.87.179.6 - - [19/May/2024:10:39:12 +0000] "GET /erddap/version HTTP/1.1" 200 51 "-" "curl/7.54.0"
148.87.179.6 - - [19/May/2024:10:39:14 +0000] "GET /erddap/subscriptions/add.html?datasetID=nrt_SEA066_M56&email=fake%40example.com&emailIfAlreadyValid=false&action=https%3A%2F%2Fingestion-erddap.emodnet-physics.eu%2Ferddap%2FsetDatasetFlag.txt%3FdatasetID%3Dnrt_SEA066_M56%26flagKey%3D566e0712364781b8d4123d193eac7892728ffc4536d8cd74501fa9f932af8d5d HTTP/1.1" 200 10812 "-" "curl/7.54.0"
181.43.29.222 - - [19/May/2024:10:40:59 +0000] "GET /erddap/index.html HTTP/1.1" 200 26358 "-" "python-requests/2.27.1"
44.250.32.14 - - [19/May/2024:10:42:47 +0000] "GET /erddap/tabledap/delayed_SEA056_M64.subset HTTP/1.1" 200 14508 "-" "crawler_eb_germany_2.0"
44.250.32.14 - - [19/May/2024:10:43:42 +0000] "GET /erddap/tabledap/delayed_SEA069_M17.graph HTTP/1.1" 200 23585 "-" "crawler_eb_germany_2.0"
