171.177.25.126 - - [12/May/2024:00:00:17 +0000] "GET /erddap/tabledap/allDatasets.csv HTTP/1.1" 200 594982 "-" "python-requests/2.28.1"
237.85.78.47 - - [12/May/2024:00:06:50 +0000] "GET /erddap/version HTTP/1.1" 200 51 "-" "curl/7.54.0"
237.85.78.47 - - [12/May/2024:00:06:51 +0000] "GET /erddap/version HTTP/1.1" 200 51 "-" "curl/7.54.0"
237.85.78.47 - - [12/May/2024:00:06:51 +0000] "GET /erddap/version HTTP/1.1" 200 51 "-" "curl/7.54.0"
237.85.78.47 - - [12/May/2024:00:06:51 +0000] "GET /erddap/version HTTP/1.1" 200 51 "-" "curl/7.54.0"
237.85.78.47 - - [12/May/2024:00:06:51 +0000] "GET /erddap/version HTTP/1.1" 200 51 "-" "curl/7.54.0"
237.85.78.47 - - [12/May/2024:00:07:47 +0000] "GET /erddap/version HTTP/1.1" 200 51 "-" "curl/7.54.0"
237.85.78.47 - - [12/May/2024:00:07:52 +0000] "GET /erddap/version HTTP/1.1" 200 51 "-" "curl/7.54.0"
237.85.78.47 - - [12/May/2024:00:07:53 +0000] "GET /erddap/version HTTP/1.1" 200 51 "-" "curl/7.54.0"
237.85.78.47 - - [12/May/2024:00:07:59 +0000] "GET /erddap/version HTTP/1.1" 200 51 "-" "curl/7.54.0"
237.85.78.47 - - [12/May/2024:00:08:02 +0000] "GET /erddap/version HTTP/1.1" 200 51 "-" "curl/7.54.0"
237.85.78.47 - - [12/May/2024:00:08:07 +0000] "GET /erddap/version HTTP/1.1" 200 51 "-" "curl/7.54.0"
237.85.78.47 - - [12/May/2024:00:08:12 +0000] "GET /erddap/version HTTP/1.1" 200 51 "-" "curl/7.54.0"
237.85.78.47 - - [12/May/2024:00:08:18 +0000] "GET /erddap/version HTTP/1.1" 200 51 "-" "curl/7.54.0"
237.85.78.47 - - [12/May/2024:00:08:18 +0000] "GET /erddap/version HTTP/1.1" 200 51 "-" "curl/7.54.0"
237.85.78.47 - - [12/May/2024:00:08:22 +0000] "GET /erddap/version HTTP/1.1" 200 51 "-" "curl/7.54.0"
237.85.78.47 - - [12/May/2024:00:08:28 +0000] "GET /erddap/version HTTP/1.1" 200 51 "-" "curl/7.54.0"
237.85.78.47 - - [12/May/2024:00:08:32 +0000] "GET /erddap/version HTTP/1.1" 200 51 "-" "curl/7.54.0"
 "curl/7.54.0"
237.85.78.47 - - [12/May/2024:00:08:38 +0000] "GET /erddap/subscriptions/add.html?datasetID=nrt_SEA045_M65&email=fake%40example.com&emailIfAlreadyValid=false&action=https%3A%2F%2Ferddap.emodnet-physics.eu%2Ferddap%2FsetDatasetFlag.txt%3FdatasetID%3Dnrt_SEA045_M65%26flagKey%3Dd189b41a57264c1fc1a912a339a0365f1e05667a2210cc81e1783f2532e7e1b5 HTTP/1.1" 200 10797 "-" "curl/7.54.0"
237.85.78.47 - - [12/May/2024:00:08:43 +0000] "GET /erddap/subscriptions/add.html?datasetID=nrt_SEA045_M67&email=fake%40example.com&emailIfAlreadyValid=false&action=https%3A%2F%2Ferddap.emodnet-physics.eu%2Ferddap%2FsetDatasetFlag.txt%3FdatasetID%3Dnrt_SEA045_M67%26flagKey%3D3638d099c08f40adb8e3ad87c8451000daa2ead7924d0153ad610b158fab1007 HTTP/1.1" 200 10804 "-" "curl/7.54.0"
237.85.78.47 - - [12/May/2024:00:08:43 +0000] "GET /erddap/subscriptions/add.html?datasetID=nrt_SEA045_M69&email=fake%40example.com&emailIfAlreadyValid=false&action=https%3A%2F%2Ferddap.emodnet-physics.eu%2Ferddap%2FsetDatasetFlag.txt%3FdatasetID%3Dnrt_SEA045_M69%26flagKey%3D2cadd4563b5a1bdb2715e888f572e2786a6b84ee32cb2dc4be1e02af71a18871 HTTP/1.1" 200 10804 "-" "curl/7.54.0"
237.85.78.47 - - [12/May/2024:00:08:48 +0000] "GET /erddap/subscriptions/add.html?datasetID=nrt_SEA045_M71&email=fake%40example.com&emailIfAlreadyValid=false&action=https%3A%2F%2Ferddap.emodnet-physics.eu%2Ferddap%2FsetDatasetFlag.txt%3FdatasetID%3Dnrt_SEA045_M71%26flagKey%3D8b6c3815f89886306d28ca0ae9734660311faf269daa2d4a9cc29cb2ba3a6549 HTTP/1.1" 200 10804 "-" "curl/7.54.0"
237.85.78.47 - - [12/May/2024:00:08:53 +0000] "GET /erddap/subscriptions/add.html?datasetID=nrt_SEA045_M73&email=fake%40example.com&emailIfAlreadyValid=false&action=https%3A%2F%2Ferddap.emodnet-physics.eu%2Ferddap%2FsetDatasetFlag.txt%3FdatasetID%3Dnrt_SEA045_M73%26flagKey%3Db57fd5030a7a1aed483e3c6b42cfb2b9203219ecad7b5a98bcb1d33471891641 HTTP/1.1" 200 10797 "-" "curl/7.54.0"
237.85.78.47 - - [12/May/2024:00:08:58 +0000] "GET /erddap/subscriptions/add.html?datasetID=nrt_SEA045_M74&email=fake%40example.com&emailIfAlreadyValid=false&action=https%3A%2F%2Ferddap.emodnet-physics.eu%2Ferddap%2FsetDatasetFlag.txt%3FdatasetID%3Dnrt_SEA045_M74%26flagKey%3D3f5cc4693e3e9999ecb1c41a70bac06e3cdc6b40b931140a30229270f042b861 HTTP/1.1" 200 10804 "-" "curl/7.54.0"
237.85.78.47 - - [12/May/2024:00:09:03 +0000] "GET /erddap/subscriptions/add.html?datasetID=nrt_SEA045_M75&email=fake%40example.com&emailIfAlreadyValid=false&action=https%3A%2F%2Ferddap.emodnet-physics.eu%2Ferddap%2FsetDatasetFlag.txt%3FdatasetID%3Dnrt_SEA045_M75%26flagKey%3D92f975bdaa0d0a22bce09f5bca773c6ef239a70db4a0f4b14ac0876c5f11b6ed HTTP/1.1" 200 10797 "-" "curl/7.54.0"
 "curl/7.54.0"
 "Python-urllib/2.7"
237.85.78.47 - - [12/May/2024:00:21:52 +0000] "GET /erddap/tabledap/nrt_SEA063_M17.nccsv?profile_index&distinct() HTTP/1.1" 200 4007 "-" "curl/7.54.0"
237.85.78.47 - - [12/May/2024:00:21:53 +0000] "GET /erddap/tabledap/nrt_SEA063_M18.nccsv?profile_index&distinct() HTTP/1.1" 200 3920 "-" "curl/7.54.0"
237.85.78.47 - - [12/May/2024:00:21:53 +0000] "GET /erddap/tabledap/nrt_SEA063_M19.nccsv?profile_index&distinct() HTTP/1.1" 200 4051 "-" "curl/7.54.0"
237.85.78.47 - - [12/May/2024:00:21:53 +0000] "GET /erddap/tabledap/nrt_SEA063_M20.nccsv?profile_index&distinct() HTTP/1.1" 200 3972 "-" "curl/7.54.0"
237.85.78.47 - - [12/May/2024:00:21:53 +0000] "GET /erddap/tabledap/nrt_SEA063_M21.nccsv?profile_index&distinct() HTTP/1.1" 200 3889 "-" "curl/7.54.0"
237.85.78.47 - - [12/May/2024:00:21:54 +0000] "GET /erddap/tabledap/nrt_SEA063_M22.nccsv?profile_index&distinct() HTTP/1.1" 200 3943 "-" "curl/7.54.0"
237.85.78.47 - - [12/May/2024:00:21:54 +0000] "GET /erddap/tabledap/nrt_SEA063_M24.nccsv?profile_index&distinct() HTTP/1.1" 200 3511 "-" "curl/7.54.0"
237.85.78.47 - - [12/May/2024:00:21:54 +0000] "GET /erddap/tabledap/nrt_SEA063_M33.nccsv?profile_index&distinct() HTTP/1.1" 200 3742 "-" "curl/7.54.0"
237.85.78.47 - - [12/May/2024:00:21:54 +0000] "GET /erddap/tabledap/nrt_SEA063_M35.nccsv?profile_index&distinct() HTTP/1.1" 200 3935 "-" "curl/7.54.0"
237.85.78.47 - - [12/May/2024:00:21:54 +0000] "GET /erddap/tabledap/nrt_SEA063_M37.nccsv?profile_index&distinct() HTTP/1.1" 200 3927 "-" "curl/7.54.0"
237.85.78.47 - - [12/May/2024:00:21:55 +0000] "GET /erddap/tabledap/nrt_SEA063_M38.nccsv?profile_index&distinct() HTTP/1.1" 200 3671 "-" "curl/7.54.0"
237.85.78.47 - - [12/May/2024:00:21:55 +0000] "GET /erddap/tabledap/nrt_SEA063_M39.nccsv?profile_index&distinct() HTTP/1.1" 200 3775 "-" "curl/7.54.0"
237.85.78.47 - - [12/May/2024:00:21:55 +0000] "GET /erddap/tabledap/nrt_SEA063_M40.nccsv?profile_index&distinct() HTTP/1.1" 200 3302 "-" "curl/7.54.0"
237.85.78.47 - - [12/May/2024:00:21:55 +0000] "GET /erddap/tabledap/nrt_SEA063_M55.nccsv?profile_index&distinct() HTTP/1.1" 200 3768 "-" "curl/7.54.0"
237.85.78.47 - - [12/May/2024:00:21:55 +0000] "GET /erddap/tabledap/nrt_SEA063_M60.nccsv?profile_index&distinct() HTTP/1.1" 200 3878 "-" "curl/7.54.0"
237.85.78.47 - - [12/May/2024:00:21:56 +0000] "GET /erddap/tabledap/nrt_SEA061_M40.nccsv?profile_index&distinct() HTTP/1.1" 200 4028 "-" "curl/7.54.0"
237.85.78.47 - - [12/May/2024:00:21:56 +0000] "GET /erddap/tabledap/nrt_SEA061_M42.nccsv?profile_index&distinct() HTTP/1.1" 200 3944 "-" "curl/7.54.0"
237.85.78.47 - - [12/May/2024:00:21:56 +0000] "GET /erddap/tabledap/nrt_SEA061_M43.nccsv?profile_index&distinct() HTTP/1.1" 200 3976 "-" "curl/7.54.0"
237.85.78.47 - - [12/May/2024:00:21:56 +0000] "GET /erddap/tabledap/nrt_SEA061_M45.nccsv?profile_index&distinct() HTTP/1.1" 200 3640 "-" "curl/7.54.0"
237.85.78.47 - - [12/May/2024:00:21:57 +0000] "GET /erddap/tabledap/nrt_SEA061_M48.nccsv?profile_index&distinct() HTTP/1.1" 200 3878 "-" "curl/7.54.0"
237.85.78.47 - - [12/May/2024:00:21:57 +0000] "GET /erddap/tabledap/nrt_SEA061_M50.nccsv?profile_index&distinct() HTTP/1.1" 200 3901 "-" "curl/7.54.0"
237.85.78.47 - - [12/May/2024:00:21:57 +0000] "GET /erddap/tabledap/nrt_SEA061_M54.nccsv?profile_index&distinct() HTTP/1.1" 200 3902 "-" "curl/7.54.0"
237.85.78.47 - - [12/May/2024:00:21:57 +0000] "GET /erddap/tabledap/nrt_SEA061_M56.nccsv?profile_index&distinct() HTTP/1.1" 200 3781 "-" "curl/7.54.0"
237.85.78.47 - - [12/May/2024:00:21:58 +0000] "GET /erddap/tabledap/nrt_SEA061_M57.nccsv?profile_index&distinct() HTTP/1.1" 200 3785 "-" "curl/7.54.0"
237.85.78.47 - - [12/May/2024:00:21:58 +0000] "GET /erddap/tabledap/nrt_SEA061_M60.nccsv?profile_index&distinct() HTTP/1.1" 200 3740 "-" "curl/7.54.0"
237.85.78.47 - - [12/May/2024:00:21:58 +0000] "GET /erddap/tabledap/nrt_SEA061_M62.nccsv?profile_index&distinct() HTTP/1.1" 200 3983 "-" "curl/7.54.0"
237.85.78.47 - - [12/May/2024:00:21:58 +0000] "GET /erddap/tabledap/nrt_SEA061_M63.nccsv?profile_index&distinct() HTTP/1.1" 200 4009 "-" "curl/7.54.0"
237.85.78.47 - - [12/May/2024:00:21:58 +0000] "GET /erddap/tabledap/nrt_SEA078_M11.nccsv?profile_index&distinct() HTTP/1.1" 200 4195 "-" "curl/7.54.0"
 "curl/7.54.0"
 "Python-urllib/3.6"
 "Python-urllib/3.6"
 "Python-urllib/3.6"
 "Python-urllib/2.7"
 "Python-urllib/2.7"
 "curl/7.54.0"
103.50.251.167 - - [12/May/2024:00:51:40 +0000] "GET /erddap/tabledap/nrt_SEA044_M78.graph HTTP/1.1" 200 24545 "-" "Friendly_Crawler/Nutch-1.20-SNAPSHOT"
 "Python-urllib/2.7"
171.177.25.126 - - [12/May/2024:01:00:21 +0000] "GET /erddap/tabledap/allDatasets.csv HTTP/1.1" 200 594974 "-" "python-requests/2.28.1"
 "curl/7.54.0"
 "curl/7.54.0"
104.184.97.198 - - [12/May/2024:01:15:03 +0000] "GET /erddap/tabledap/nrt_SEA068_M30.ncCF? HTTP/1.1" 200 1089298 "-" "Python-urllib/2.7"
104.184.97.198 - - [12/May/2024:01:15:07 +0000] "GET /erddap/tabledap/nrt_SEA076_M17.ncCF? HTTP/1.1" 200 3630109 "-" "Python-urllib/2.7"
104.184.97.198 - - [12/May/2024:01:15:11 +0000] "GET /erddap/tabledap/nrt_SEA076_M25.ncCF? HTTP/1.1" 200 2033203 "-" "Python-urllib/2.7"
104.184.97.198 - - [12/May/2024:01:15:13 +0000] "GET /erddap/tabledap/nrt_SEA069_M17.ncCF? HTTP/1.1" 200 88322 "-" "Python-urllib/2.7"
104.184.97.198 - - [12/May/2024:01:15:14 +0000] "GET /erddap/tabledap/nrt_SEA069_M23.ncCF? HTTP/1.1" 200 1073185 "-" "Python-urllib/2.7"
104.184.97.198 - - [12/May/2024:01:15:16 +0000] "GET /erddap/tabledap/nrt_SEA055_M18.ncCF? HTTP/1.1" 200 513604 "-" "Python-urllib/2.7"
104.184.97.198 - - [12/May/2024:01:15:17 +0000] "GET /erddap/tabledap/nrt_SEA055_M24.ncCF? HTTP/1.1" 200 574392 "-" "Python-urllib/2.7"
104.184.97.198 - - [12/May/2024:01:15:18 +0000] "GET /erddap/tabledap/nrt_SEA055_M35.ncCF? HTTP/1.1" 200 910543 "-" "Python-urllib/2.7"
104.184.97.198 - - [12/May/2024:01:15:20 +0000] "GET /erddap/tabledap/nrt_SEA055_M45.ncCF? HTTP/1.1" 200 407546 "-" "Python-urllib/2.7"
104.184.97.198 - - [12/May/2024:01:15:22 +0000] "GET /erddap/tabledap/nrt_SEA055_M53.ncCF? HTTP/1.1" 200 1022338 "-" "Python-urllib/2.7"
104.184.97.198 - - [12/May/2024:01:15:23 +0000] "GET /erddap/tabledap/nrt_SEA045_M37.ncCF? HTTP/1.1" 200 125478 "-" "Python-urllib/2.7"
104.184.97.198 - - [12/May/2024:01:15:26 +0000] "GET /erddap/tabledap/nrt_SEA045_M45.ncCF? HTTP/1.1" 200 1915198 "-" "Python-urllib/2.7"
104.184.97.198 - - [12/May/2024:01:15:28 +0000] "GET /erddap/tabledap/nrt_SEA045_M54.ncCF? HTTP/1.1" 200 789389 "-" "Python-urllib/2.7"
104.184.97.198 - - [12/May/2024:01:15:30 +0000] "GET /erddap/tabledap/nrt_SEA045_M65.ncCF? HTTP/1.1" 200 579665 "-" "Python-urllib/2.7"
104.184.97.198 - - [12/May/2024:01:15:31 +0000] "GET /erddap/tabledap/nrt_SEA045_M74.ncCF? HTTP/1.1" 200 926052 "-" "Python-urllib/2.7"
104.184.97.198 - - [12/May/2024:01:15:39 +0000] "GET /erddap/tabledap/nrt_SEA063_M19.ncCF? HTTP/1.1" 200 7705886 "-" "Python-urllib/2.7"
104.184.97.198 - - [12/May/2024:01:15:47 +0000] "GET /erddap/tabledap/nrt_SEA063_M33.ncCF? HTTP/1.1" 200 642731 "-" "Python-urllib/2.7"
104.184.97.198 - - [12/May/2024:01:15:48 +0000] "GET /erddap/tabledap/nrt_SEA063_M40.ncCF? HTTP/1.1" 200 141797 "-" "Python-urllib/2.7"
104.184.97.198 - - [12/May/2024:01:15:50 +0000] "GET /erddap/tabledap/nrt_SEA063_M65.ncCF? HTTP/1.1" 200 1126440 "-" "Python-urllib/2.7"
104.184.97.198 - - [12/May/2024:01:15:52 +0000] "GET /erddap/tabledap/nrt_SEA063_M73.ncCF? HTTP/1.1" 200 431829 "-" "Python-urllib/2.7"
104.184.97.198 - - [12/May/2024:01:15:57 +0000] "GET /erddap/tabledap/nrt_SEA079_M16.ncCF? HTTP/1.1" 200 2241170 "-" "Python-urllib/2.7"
104.184.97.198 - - [12/May/2024:01:15:59 +0000] "GET /erddap/tabledap/nrt_SEA044_M29.ncCF? HTTP/1.1" 200 433374 "-" "Python-urllib/2.7"
104.184.97.198 - - [12/May/2024:01:16:02 +0000] "GET /erddap/tabledap/nrt_SEA044_M40.ncCF? HTTP/1.1" 200 496836 "-" "Python-urllib/2.7"
104.184.97.198 - - [12/May/2024:01:16:04 +0000] "GET /erddap/tabledap/nrt_SEA044_M75.ncCF? HTTP/1.1" 200 756284 "-" "Python-urllib/2.7"
104.184.97.198 - - [12/May/2024:01:16:06 +0000] "GET /erddap/tabledap/nrt_SEA044_M83.ncCF? HTTP/1.1" 200 1228713 "-" "Python-urllib/2.7"
104.184.97.198 - - [12/May/2024:01:16:08 +0000] "GET /erddap/tabledap/nrt_SEA044_M89.ncCF? HTTP/1.1" 200 1208855 "-" "Python-urllib/2.7"
104.184.97.198 - - [12/May/2024:01:16:09 +0000] "GET /erddap/tabledap/nrt_SEA067_M29.ncCF? HTTP/1.1" 200 1008620 "-" "Python-urllib/2.7"
104.184.97.198 - - [12/May/2024:01:16:11 +0000] "GET /erddap/tabledap/nrt_SEA067_M41.ncCF? HTTP/1.1" 200 871183 "-" "Python-urllib/2.7"
104.184.97.198 - - [12/May/2024:01:16:13 +0000] "GET /erddap/tabledap/nrt_SEA067_M53.ncCF? HTTP/1.1" 200 1151234 "-" "Python-urllib/2.7"
104.184.97.198 - - [12/May/2024:01:16:17 +0000] "GET /erddap/tabledap/nrt_SEA066_M14.ncCF? HTTP/1.1" 200 536891 "-" "Python-urllib/2.7"
104.184.97.198 - - [12/May/2024:01:16:19 +0000] "GET /erddap/tabledap/nrt_SEA066_M45.ncCF? HTTP/1.1" 200 59365 "-" "Python-urllib/2.7"
104.184.97.198 - - [12/May/2024:01:16:21 +0000] "GET /erddap/tabledap/nrt_SEA070_M15.ncCF? HTTP/1.1" 200 673319 "-" "Python-urllib/2.7"
104.184.97.198 - - [12/May/2024:01:16:22 +0000] "GET /erddap/tabledap/nrt_SEA077_M17.ncCF? HTTP/1.1" 200 324738 "-" "Python-urllib/2.7"
104.184.97.198 - - [12/May/2024:01:16:26 +0000] "GET /erddap/tabledap/nrt_SEA077_M25.ncCF? HTTP/1.1" 200 2695360 "-" "Python-urllib/2.7"
104.184.97.198 - - [12/May/2024:01:16:30 +0000] "GET /erddap/tabledap/nrt_SEA056_M40.ncCF? HTTP/1.1" 200 450350 "-" "Python-urllib/2.7"
104.184.97.198 - - [12/May/2024:01:16:32 +0000] "GET /erddap/tabledap/nrt_SEA056_M57.ncCF? HTTP/1.1" 200 843444 "-" "Python-urllib/2.7"
104.184.97.198 - - [12/May/2024:01:16:35 +0000] "GET /erddap/tabledap/nrt_SEA056_M68.ncCF? HTTP/1.1" 200 3253569 "-" "Python-urllib/2.7"
104.184.97.198 - - [12/May/2024:01:16:44 +0000] "GET /erddap/tabledap/nrt_SEA061_M42.ncCF? HTTP/1.1" 200 6677056 "-" "Python-urllib/2.7"
104.184.97.198 - - [12/May/2024:01:16:50 +0000] "GET /erddap/tabledap/nrt_SEA061_M54.ncCF? HTTP/1.1" 200 554487 "-" "Python-urllib/2.7"
104.184.97.198 - - [12/May/2024:01:16:51 +0000] "GET /erddap/tabledap/nrt_SEA061_M63.ncCF? HTTP/1.1" 200 888416 "-" "Python-urllib/2.7"
104.184.97.198 - - [12/May/2024:01:16:56 +0000] "GET /erddap/tabledap/nrt_SEA078_M19.ncCF? HTTP/1.1" 200 2884589 "-" "Python-urllib/2.7"
104.184.97.198 - - [12/May/2024:01:16:59 +0000] "GET /erddap/tabledap/nrt_SEA076_M8.ncCF? HTTP/1.1" 200 771421 "-" "Python-urllib/2.7"
104.184.97.198 - - [12/May/2024:01:17:03 +0000] "GET /erddap/tabledap/nrt_SEA076_M19.ncCF? HTTP/1.1" 200 872256 "-" "Python-urllib/2.7"
104.184.97.198 - - [12/May/2024:01:17:09 +0000] "GET /erddap/tabledap/nrt_SEA069_M9.ncCF? HTTP/1.1" 200 306688 "-" "Python-urllib/2.7"
104.184.97.198 - - [12/May/2024:01:17:10 +0000] "GET /erddap/tabledap/nrt_SEA069_M19.ncCF? HTTP/1.1" 200 1076943 "-" "Python-urllib/2.7"
104.184.97.198 - - [12/May/2024:01:17:12 +0000] "GET /erddap/tabledap/nrt_SEA069_M26.ncCF? HTTP/1.1" 200 1408590 "-" "Python-urllib/2.7"
104.184.97.198 - - [12/May/2024:01:17:13 +0000] "GET /erddap/tabledap/nrt_SEA055_M20.ncCF? HTTP/1.1" 200 435710 "-" "Python-urllib/2.7"
104.184.97.198 - - [12/May/2024:01:17:15 +0000] "GET /erddap/tabledap/nrt_SEA055_M28.ncCF? HTTP/1.1" 200 275259 "-" "Python-urllib/2.7"
104.184.97.198 - - [12/May/2024:01:17:17 +0000] "GET /erddap/tabledap/nrt_SEA055_M39.ncCF? HTTP/1.1" 200 757659 "-" "Python-urllib/2.7"
104.184.97.198 - - [12/May/2024:01:17:18 +0000] "GET /erddap/tabledap/nrt_SEA055_M48.ncCF? HTTP/1.1" 200 983735 "-" "Python-urllib/2.7"
104.184.97.198 - - [12/May/2024:01:17:20 +0000] "GET /erddap/tabledap/nrt_SEA055_M56.ncCF? HTTP/1.1" 200 927297 "-" "Python-urllib/2.7"
104.184.97.198 - - [12/May/2024:01:17:22 +0000] "GET /erddap/tabledap/nrt_SEA045_M42.ncCF? HTTP/1.1" 200 2019069 "-" "Python-urllib/2.7"
104.184.97.198 - - [12/May/2024:01:17:25 +0000] "GET /erddap/tabledap/nrt_SEA045_M50.ncCF? HTTP/1.1" 200 760229 "-" "Python-urllib/2.7"
104.184.97.198 - - [12/May/2024:01:17:27 +0000] "GET /erddap/tabledap/nrt_SEA045_M60.ncCF? HTTP/1.1" 200 480151 "-" "Python-urllib/2.7"
104.184.97.198 - - [12/May/2024:01:17:29 +0000] "GET /erddap/tabledap/nrt_SEA045_M69.ncCF? HTTP/1.1" 200 561158 "-" "Python-urllib/2.7"
104.184.97.198 - - [12/May/2024:01:17:31 +0000] "GET /erddap/tabledap/nrt_SEA045_M79.ncCF? HTTP/1.1" 200 1014148 "-" "Python-urllib/2.7"
104.184.97.198 - - [12/May/2024:01:17:41 +0000] "GET /erddap/tabledap/nrt_SEA063_M21.ncCF? HTTP/1.1" 200 6169530 "-" "Python-urllib/2.7"
104.184.97.198 - - [12/May/2024:01:17:46 +0000] "GET /erddap/tabledap/nrt_SEA063_M37.ncCF? HTTP/1.1" 200 701973 "-" "Python-urllib/2.7"
104.184.97.198 - - [12/May/2024:01:17:47 +0000] "GET /erddap/tabledap/nrt_SEA063_M60.ncCF? HTTP/1.1" 200 781283 "-" "Python-urllib/2.7"
104.184.97.198 - - [12/May/2024:01:17:50 +0000] "GET /erddap/tabledap/nrt_SEA063_M69.ncCF? HTTP/1.1" 200 1197859 "-" "Python-urllib/2.7"
104.184.97.198 - - [12/May/2024:01:17:53 +0000] "GET /erddap/tabledap/nrt_SEA079_M11.ncCF? HTTP/1.1" 200 4049358 "-" "Python-urllib/2.7"
104.184.97.198 - - [12/May/2024:01:17:58 +0000] "GET /erddap/tabledap/nrt_SEA079_M20.ncCF? HTTP/1.1" 200 2943647 "-" "Python-urllib/2.7"
104.184.97.198 - - [12/May/2024:01:17:59 +0000] "GET /erddap/tabledap/nrt_SEA044_M33.ncCF? HTTP/1.1" 200 2020029 "-" "Python-urllib/2.7"
104.184.97.198 - - [12/May/2024:01:18:02 +0000] "GET /erddap/tabledap/nrt_SEA044_M46.ncCF? HTTP/1.1" 200 1059693 "-" "Python-urllib/2.7"
104.184.97.198 - - [12/May/2024:01:18:04 +0000] "GET /erddap/tabledap/nrt_SEA044_M78.ncCF? HTTP/1.1" 200 1231439 "-" "Python-urllib/2.7"
104.184.97.198 - - [12/May/2024:01:18:06 +0000] "GET /erddap/tabledap/nrt_SEA044_M85.ncCF? HTTP/1.1" 200 1054201 "-" "Python-urllib/2.7"
104.184.97.198 - - [12/May/2024:01:18:07 +0000] "GET /erddap/tabledap/nrt_SEA067_M15.ncCF? HTTP/1.1" 200 279752 "-" "Python-urllib/2.7"
104.184.97.198 - - [12/May/2024:01:18:09 +0000] "GET /erddap/tabledap/nrt_SEA067_M32.ncCF? HTTP/1.1" 200 1097166 "-" "Python-urllib/2.7"
104.184.97.198 - - [12/May/2024:01:18:11 +0000] "GET /erddap/tabledap/nrt_SEA067_M44.ncCF? HTTP/1.1" 200 1084233 "-" "Python-urllib/2.7"
104.184.97.198 - - [12/May/2024:01:18:13 +0000] "GET /erddap/tabledap/nrt_SEA067_M56.ncCF? HTTP/1.1" 200 1056890 "-" "Python-urllib/2.7"
104.184.97.198 - - [12/May/2024:01:18:17 +0000] "GET /erddap/tabledap/nrt_SEA066_M41.ncCF? HTTP/1.1" 200 1378838 "-" "Python-urllib/2.7"
104.184.97.198 - - [12/May/2024:01:18:19 +0000] "GET /erddap/tabledap/nrt_SEA066_M56.ncCF? HTTP/1.1" 200 1554389 "-" "Python-urllib/2.7"
104.184.97.198 - - [12/May/2024:01:18:20 +0000] "GET /erddap/tabledap/nrt_SEA077_M12.ncCF? HTTP/1.1" 200 453228 "-" "Python-urllib/2.7"
104.184.97.198 - - [12/May/2024:01:18:22 +0000] "GET /erddap/tabledap/nrt_SEA077_M21.ncCF? HTTP/1.1" 200 2279124 "-" "Python-urllib/2.7"
104.184.97.198 - - [12/May/2024:01:18:28 +0000] "GET /erddap/tabledap/nrt_SEA077_M29.ncCF? HTTP/1.1" 200 4094748 "-" "Python-urllib/2.7"
104.184.97.198 - - [12/May/2024:01:18:30 +0000] "GET /erddap/tabledap/nrt_SEA056_M54.ncCF? HTTP/1.1" 200 588665 "-" "Python-urllib/2.7"
104.184.97.198 - - [12/May/2024:01:18:33 +0000] "GET /erddap/tabledap/nrt_SEA056_M64.ncCF? HTTP/1.1" 200 1077521 "-" "Python-urllib/2.7"
104.184.97.198 - - [12/May/2024:01:18:39 +0000] "GET /erddap/tabledap/nrt_SEA061_M39.ncCF? HTTP/1.1" 200 8437226 "-" "Python-urllib/2.7"
104.184.97.198 - - [12/May/2024:01:18:49 +0000] "GET /erddap/tabledap/nrt_SEA061_M48.ncCF? HTTP/1.1" 200 5889065 "-" "Python-urllib/2.7"
104.184.97.198 - - [12/May/2024:01:18:50 +0000] "GET /erddap/tabledap/nrt_SEA061_M60.ncCF? HTTP/1.1" 200 524219 "-" "Python-urllib/2.7"
104.184.97.198 - - [12/May/2024:01:18:54 +0000] "GET /erddap/tabledap/nrt_SEA078_M14.ncCF? HTTP/1.1" 200 3645426 "-" "Python-urllib/2.7"
 "Python-urllib/2.7"
14.211.111.138 - - [12/May/2024:01:25:29 +0000] "GET /erddap/metadata/fgdc/xml/nrt_SEA063_M39_fgdc.xml HTTP/1.1" 200 5507 "-" "curl/7.61.1"
78.40.63.239 - - [12/May/2024:01:26:14 +0000] "GET /erddap/tabledap/nrt_SEA044_M78.ncCF? HTTP/1.1" 200 1231420 "-" "kmdjdheyytgebfghehhenegsdfsdf"
78.40.63.239 - - [12/May/2024:01:26:17 +0000] "GET /erddap/tabledap/nrt_SEA045_M79.ncCF? HTTP/1.1" 200 1014156 "-" "kmdjdheyytgebfghehhenegsdfsdf"
78.40.63.239 - - [12/May/2024:01:26:21 +0000] "GET /erddap/tabledap/nrt_SEA076_M17.ncCF? HTTP/1.1" 200 3630132 "-" "kmdjdheyytgebfghehhenegsdfsdf"
78.40.63.239 - - [12/May/2024:01:26:23 +0000] "GET /erddap/tabledap/nrt_SEA078_M14.ncCF? HTTP/1.1" 200 3645449 "-" "kmdjdheyytgebfghehhenegsdfsdf"
78.40.63.239 - - [12/May/2024:01:26:26 +0000] "GET /erddap/tabledap/nrt_SEA056_M64.ncCF? HTTP/1.1" 200 1077570 "-" "kmdjdheyytgebfghehhenegsdfsdf"
78.40.63.239 - - [12/May/2024:01:26:28 +0000] "GET /erddap/tabledap/nrt_SEA077_M25.ncCF? HTTP/1.1" 200 2695325 "-" "kmdjdheyytgebfghehhenegsdfsdf"
78.40.63.239 - - [12/May/2024:01:26:31 +0000] "GET /erddap/tabledap/nrt_SEA079_M16.ncCF? HTTP/1.1" 200 2241147 "-" "kmdjdheyytgebfghehhenegsdfsdf"
78.40.63.239 - - [12/May/2024:01:26:34 +0000] "GET /erddap/tabledap/nrt_SEA067_M51.ncCF? HTTP/1.1" 200 1015534 "-" "kmdjdheyytgebfghehhenegsdfsdf"
78.40.63.239 - - [12/May/2024:01:26:37 +0000] "GET /erddap/tabledap/nrt_SEA056_M68.ncCF? HTTP/1.1" 200 3253640 "-" "kmdjdheyytgebfghehhenegsdfsdf"
78.40.63.239 - - [12/May/2024:01:26:41 +0000] "GET /erddap/tabledap/nrt_SEA077_M29.ncCF? HTTP/1.1" 200 4094780 "-" "kmdjdheyytgebfghehhenegsdfsdf"
78.40.63.239 - - [12/May/2024:01:26:44 +0000] "GET /erddap/tabledap/nrt_SEA056_M71.ncCF? HTTP/1.1" 200 2883162 "-" "kmdjdheyytgebfghehhenegsdfsdf"
99.120.218.24 - - [12/May/2024:01:28:55 +0000] "GET /erddap/tabledap/nrt_SEA069_M27.graph HTTP/1.1" 200 23965 "-" "python-requests/2.31.0"
171.177.25.126 - - [12/May/2024:01:30:23 +0000] "GET /erddap/tabledap/nrt_SEA077_M33.html HTTP/1.1" 200 328909 "-" "python-requests/2.28.1"
 "curl/7.54.0"
 "curl/7.54.0"
171.177.25.126 - - [12/May/2024:01:50:23 +0000] "GET /erddap/tabledap/allDatasets.csv HTTP/1.1" 200 594978 "-" "python-requests/2.28.1"
237.85.78.47 - - [12/May/2024:02:00:00 +0000] "GET /erddap/tabledap/allDatasets.json?datasetID%2CmaxTime&datasetID!=%22allDatasets%22&cdm_data_type=%22TimeSeries%22&maxTime%3E%222024-05-11T16%3A00%3A00Z%22 HTTP/1.1" 200 372 "-" "-" "curl/7.54.0"
237.85.78.47 - - [12/May/2024:02:00:03 +0000] "GET /erddap/info/nrt_SEA063_M73/index.json HTTP/1.1" 200 79146 "-" "-" "curl/7.54.0"
171.177.25.126 - - [12/May/2024:02:00:24 +0000] "GET /erddap/tabledap/nrt_SEA066_M56.html HTTP/1.1" 200 315714 "-" "python-requests/2.28.1"
 "Python-urllib/2.7"
171.177.25.126 - - [12/May/2024:02:10:23 +0000] "GET /erddap/tabledap/allDatasets.csv HTTP/1.1" 200 594988 "-" "python-requests/2.28.1"
 "Googlebot-Image/1.0"
94.157.48.15 - - [12/May/2024:02:24:54 +0000] "GET /autodiscover/autodiscover.json?@zdi/Powershell HTTP/1.1" 404 134 "-" "Python-urllib/3.6"
171.177.25.126 - - [12/May/2024:02:30:27 +0000] "GET /erddap/tabledap/allDatasets.csv HTTP/1.1" 200 594971 "-" "python-requests/2.28.1"
 "curl/7.54.0"
171.177.25.126 - - [12/May/2024:02:40:22 +0000] "GET /erddap/tabledap/allDatasets.csv HTTP/1.1" 200 595114 "-" "python-requests/2.28.1"
 "curl/7.54.0"
 "Mozilla/5.0 ERDDAP/2.23"
 "Python-urllib/2.7"
53.134.68.79 - - [12/May/2024:03:02:28 +0000] "GET /erddap/info/nrt_SEA055_M24/index.html HTTP/1.1" 200 24332 "-" "Python-urllib/3.6"
67.52.136.222 - - [12/May/2024:03:10:17 +0000] "GET / HTTP/1.1" 301 178 "-" "curl/7.61.1"
 "Mozilla/5.0 ERDDAP/2.23"
 "curl/7.54.0"
171.177.25.126 - - [12/May/2024:03:20:26 +0000] "GET /erddap/tabledap/allDatasets.csv HTTP/1.1" 200 594136 "-" "python-requests/2.28.1"
 "Python-urllib/2.7"
 "curl/7.54.0"
31.107.15.163 - - [12/May/2024:03:41:56 +0000] "GET /erddap/tabledap/nrt_SEA055_M43.iso19115 HTTP/1.1" 200 8635 "-" "Mozilla/5.0 zgrab/0.x"
223.197.138.18 - - [12/May/2024:03:49:56 +0000] "GET /erddap/info/nrt_SEA067_M46/index.html HTTP/1.1" 200 26503 "-" "curl/7.54.0"
 "python-requests/2.31.0"
 "curl/7.54.0"
 "python-requests/2.25.1"
237.85.78.47 - - [12/May/2024:04:13:36 +0000] "GET /erddap/tabledap/nrt_SEA078_M12.pngInfo?longitude,latitude,ad2cp_beam1_cell_number1&distinct()&.draw=markers&.marker=5%7C5&.color=0x000000&.colorBar=%7C%7C%7C%7C%7C&.bgColor=0xffccccff HTTP/1.1" 400 135 "-" "curl/7.54.0"
 "localhost.localdomain/go-network-v2.0.1"
 "curl/7.54.0"
 "python-requests/2.31.0"
 "python-requests/2.25.1"
 "curl/7.54.0"
237.85.78.47 - - [12/May/2024:04:37:29 +0000] "GET /erddap/subscriptions/add.html?datasetID=delayed_SEA063_M65&email=fake%40example.com&emailIfAlreadyValid=false&action=https%3A%2F%2Ferddap.emodnet-physics.eu%2Ferddap%2FsetDatasetFlag.txt%3FdatasetID%3Ddelayed_SEA063_M65%26flagKey%3D9e6d6405d172558c639359c88086e13277968f9f788caf65049e09d36169bed1 HTTP/1.1" 200 10805 "-" "curl/7.54.0"
237.85.78.47 - - [12/May/2024:04:37:32 +0000] "GET /erddap/subscriptions/add.html?datasetID=delayed_SEA044_M86&email=fake%40example.com&emailIfAlreadyValid=false&action=https%3A%2F%2Ferddap.emodnet-physics.eu%2Ferddap%2FsetDatasetFlag.txt%3FdatasetID%3Ddelayed_SEA044_M86%26flagKey%3D671141d96e22b934efc62335f7bb486167ffc505c0a5110defcf3656ca98c996 HTTP/1.1" 200 10812 "-" "curl/7.54.0"
 "Friendly_Crawler/Nutch-1.20-SNAPSHOT"
223.197.138.18 - - [12/May/2024:04:48:24 +0000] "GET /erddap/metadata/iso19115/xml/ctd_deployment_iso19115.xml HTTP/1.1" 200 5864 "-" "curl/7.54.0"
 "Python-urllib/2.7"
 "curl/7.54.0"
 "curl/7.75.0"
252.99.14.146 - - [12/May/2024:05:11:37 +0000] "GET / HTTP/1.1" 301 178 "-" "curl/7.29.0"
 "Python-urllib/2.7"
 "curl/7.54.0"
 "curl/7.54.0"
 "curl/7.54.0"
 "curl/7.54.0"
171.177.25.126 - - [12/May/2024:05:40:25 +0000] "GET /erddap/tabledap/allDatasets.csv HTTP/1.1" 200 594976 "-" "python-requests/2.28.1"
 "curl/7.54.0"
 "curl/7.54.0"
32.206.128.196 - - [12/May/2024:06:00:03 +0000] "GET /erddap/metadata/iso19115/xml/delayed_SEA061_M39_iso19115.xml HTTP/1.1" 200 9032 "-" "Wget/1.20.3 (linux-gnu)"
171.177.25.126 - - [12/May/2024:06:00:12 +0000] "GET /erddap/tabledap/nrt_SEA069_M27.csv?time%2Clatitude%2Clongitude%2Cdepth%2Caltimeter%2Cangular_cmd%2Cangular_pos%2Cbackscatter_raw%2Cbackscatter_scaled%2Cballast_cmd%2Cballast_pos%2Cchlorophyll%2Cchlorophyll_qc%2Cchlorophyll_raw%2Cconductivity%2Cconductivity_qc%2Cdead_reckoning%2Cdeclination%2Cdensity%2Cdensity_qc%2Cdesired_heading%2Cdistance_over_ground%2Cdive_num%2Cheading%2Cinternal_pressure%2Cinternal_temperature%2Clinear_cmd%2Clinear_pos%2Cnav_resource%2Cnav_state%2Coxygen_concentration%2Coxygen_concentration_qc%2Cparticulate_backscatter%2Cphycocyanin%2Cphycocyanin_raw%2Cpitch%2Cpotential_density%2Cpotential_density_qc%2Cpotential_temperature%2Cpotential_temperature_qc%2Cpressure%2Cprofile_direction%2Cprofile_index%2Cprofile_num%2Croll%2Csalinity%2Csalinity_qc%2Csecurity_level%2Ctemperature%2Ctemperature_oxygen%2Ctemperature_qc%2Cvertical_distance_to_seafloor%2Cvoltage&time%3E=2024-05-11T14:47:13Z&time%3C2024-05-12T06:00:12Z HTTP/1.1" 200 136641 "-" "python-requests/2.28.1"
 "Python-urllib/2.7"
171.177.25.126 - - [12/May/2024:06:00:22 +0000] "GET /erddap/tabledap/nrt_SEA076_M25.csv?time%2Clatitude%2Clongitude%2Cdepth%2Cad2cp_beam1_cell_number1%2Cad2cp_beam2_cell_number1%2Cad2cp_beam3_cell_number1%2Cad2cp_beam4_cell_number1%2Cad2cp_heading%2Cad2cp_pitch%2Cad2cp_pressure%2Cad2cp_roll%2Cad2cp_time%2Caltimeter%2Cangular_cmd%2Cangular_pos%2Cbackscatter_raw%2Cbackscatter_scaled%2Cballast_cmd%2Cballast_pos%2Ccdom%2Ccdom_qc%2Ccdom_raw%2Ccdom_raw_qc%2Cchlorophyll%2Cchlorophyll_qc%2Cchlorophyll_raw%2Cconductivity%2Cconductivity_qc%2Cdead_reckoning%2Cdeclination%2Cdensity%2Cdensity_qc%2Cdesired_heading%2Cdistance_over_ground%2Cdive_num%2Cheading%2Cinternal_pressure%2Cinternal_temperature%2Clinear_cmd%2Clinear_pos%2Cnav_resource%2Cnav_state%2Coxygen_concentration%2Coxygen_concentration_qc%2Cparticulate_backscatter%2Cpitch%2Cpotential_density%2Cpotential_density_qc%2Cpotential_temperature%2Cpotential_temperature_qc%2Cpressure%2Cprofile_direction%2Cprofile_index%2Cprofile_num%2Croll%2Csalinity%2Csalinity_qc%2Csecurity_level%2Ctemperature%2Ctemperature_oxygen%2Ctemperature_qc%2Cvertical_distance_to_seafloor%2Cvoltage&time%3E=2024-05-11T11:09:38Z&time%3C2024-05-12T06:00:21Z HTTP/1.1" 200 216584 "-" "python-requests/2.28.1"
171.177.25.126 - - [12/May/2024:06:00:22 +0000] "GET /erddap/tabledap/nrt_SEA066_M56.html HTTP/1.1" 200 315721 "-" "python-requests/2.28.1"
171.177.25.126 - - [12/May/2024:06:00:23 +0000] "GET /erddap/tabledap/nrt_SEA069_M27.html HTTP/1.1" 200 285955 "-" "python-requests/2.28.1"
 "Python-urllib/2.7"
88.141.216.82 - - [12/May/2024:06:11:06 +0000] "GET /erddap/tabledap/nrt_SEA077_M11.fgdc HTTP/1.1" 200 5743 "-" "curl/7.75.0"
 "curl/7.54.0"
171.177.25.126 - - [12/May/2024:06:20:26 +0000] "GET /erddap/tabledap/allDatasets.csv HTTP/1.1" 200 594999 "-" "python-requests/2.28.1"
 "Mozilla/5.0 zgrab/0.x"
171.177.25.126 - - [12/May/2024:06:30:22 +0000] "GET /erddap/tabledap/allDatasets.csv HTTP/1.1" 200 594987 "-" "python-requests/2.28.1"
143.107.161.239 - - [12/May/2024:06:36:02 +0000] "GET /.env HTTP/1.1" 404 197 "-" "'Mozilla/5.0"
171.177.25.126 - - [12/May/2024:06:40:22 +0000] "GET /erddap/tabledap/allDatasets.csv HTTP/1.1" 200 594989 "-" "python-requests/2.28.1"
215.204.43.106 - - [12/May/2024:06:47:49 +0000] "GET /erddap/tabledap/nrt_SEA055_M21.subset HTTP/1.1" 200 7950 "-" "Googlebot-Image/1.0"
211.25.204.1 - - [12/May/2024:06:51:30 +0000] "GET /robots.txt HTTP/1.1" 200 527 "-" "Mozilla/5.0 ERDDAP/2.17"
121.54.172.102 - - [12/May/2024:06:54:01 +0000] "GET /erddap/tabledap/delayed_SEA078_M14.iso19115 HTTP/1.1" 200 9426 "-" "Python-urllib/3.6"
171.177.25.126 - - [12/May/2024:07:00:17 +0000] "GET /erddap/tabledap/nrt_SEA066_M56.html HTTP/1.1" 200 315827 "-" "python-requests/2.28.1"
168.72.252.26 - - [12/May/2024:07:01:06 +0000] "GET /erddap/tabledap/nrt_SEA045_M62.graph HTTP/1.1" 200 23614 "-" "kmdjdheyytgebfghehhenegsdfsdf"
 "python-httpx/0.24.1"
 "curl/7.54.0"
 "curl/7.54.0"
 "Python-urllib/2.7"
237.85.78.47 - - [12/May/2024:07:22:25 +0000] "GET /erddap/tabledap/nrt_SEA045_M43.nccsvMetadata HTTP/1.1" 200 9305 "-" "curl/7.54.0"
237.85.78.47 - - [12/May/2024:07:23:00 +0000] "GET /erddap/tabledap/delayed_SEA045_M44.nccsvMetadata HTTP/1.1" 200 9297 "-" "curl/7.54.0"
237.85.78.47 - - [12/May/2024:07:23:01 +0000] "GET /erddap/tabledap/nrt_SEA045_M44.nccsvMetadata HTTP/1.1" 200 9278 "-" "curl/7.54.0"
237.85.78.47 - - [12/May/2024:07:23:31 +0000] "GET /erddap/tabledap/delayed_SEA045_M45.nccsvMetadata HTTP/1.1" 200 9309 "-" "curl/7.54.0"
237.85.78.47 - - [12/May/2024:07:23:31 +0000] "GET /erddap/tabledap/nrt_SEA045_M45.nccsvMetadata HTTP/1.1" 200 9297 "-" "curl/7.54.0"
237.85.78.47 - - [12/May/2024:07:23:54 +0000] "GET /erddap/tabledap/delayed_SEA045_M48.nccsvMetadata HTTP/1.1" 200 9132 "-" "curl/7.54.0"
223.197.138.18 - - [12/May/2024:07:25:56 +0000] "GET /erddap/info/delayed_SEA063_M37/index.html HTTP/1.1" 200 24028 "-" "curl/7.54.0"
 "Python-urllib/2.7"
 "Python-urllib/2.7"
 "curl/7.54.0"
 "Python-urllib/2.7"
231.111.23.189 - - [12/May/2024:07:50:26 +0000] "GET /erddap/tabledap/nrt_SEA078_M14.fgdc HTTP/1.1" 200 5734 "-" "python-requests/2.26.0"
 "python-requests/2.28.2"
 "Python-urllib/2.7"
 "Python-urllib/2.7"
 "curl/7.54.0"
 "python-httpx/0.24.1"
 "curl/7.54.0"
148.87.179.6 - - [12/May/2024:08:22:15 +0000] "GET /erddap/tabledap/nrt_SEA069_M27.nccsv?profile_index&distinct() HTTP/1.1" 200 3330 "-" "curl/7.54.0"
 "Python-urllib/2.7"
105.156.210.222 - - [12/May/2024:08:26:10 +0000] "GET /erddap/tabledap/allDatasets.csvp? HTTP/1.1" 200 50163 "-" "Mozilla/5.0 (X11; Linux x86_64)"
171.135.222.166 - - [12/May/2024:08:28:54 +0000] "GET /erddap/metadata/fgdc/xml/nrt_SEA069_M27_fgdc.xml HTTP/1.1" 200 5570 "-" "curl/7.54.0"
24.230.176.179 - - [12/May/2024:08:30:52 +0000] "GET / HTTP/1.1" 301 178 "-" "curl/7.54.0"
153.75.14.196 - - [12/May/2024:08:31:45 +0000] "GET / HTTP/1.1" 301 178 "-" "ds9 2.010.ec2"
105.156.210.222 - - [12/May/2024:08:32:36 +0000] "GET /erddap/tabledap/allDatasets.csvp? HTTP/1.1" 200 50178 "-" "Mozilla/5.0 (X11; Linux x86_64)"
36.163.141.107 - - [12/May/2024:08:32:38 +0000] "GET /erddap/metadata/iso19115/xml/nrt_SEA069_M27_iso19115.xml HTTP/1.1" 200 8647 "-" "ds9 2.010.ec2"
 "Python-urllib/2.7"
148.87.179.6 - - [12/May/2024:08:37:31 +0000] "GET /erddap/files/nrt_SEA063_M73/.csv HTTP/1.1" 200 110 "-" "curl/7.54.0"
6.53.184.53 - - [12/May/2024:08:37:56 +0000] "GET /erddap/info/nrt_SEA045_M44/index.html HTTP/1.1" 200 24682 "-" "python-httpx/0.26.0"
105.156.210.222 - - [12/May/2024:08:46:02 +0000] "GET /erddap/tabledap/nrt_SEA070_M13.ncCF? HTTP/1.1" 200 791325 "-" "Mozilla/5.0 (X11; Linux x86_64)"
105.156.210.222 - - [12/May/2024:08:46:11 +0000] "GET /erddap/tabledap/nrt_SEA056_M56.ncCF? HTTP/1.1" 200 617510 "-" "Mozilla/5.0 (X11; Linux x86_64)"
171.177.25.126 - - [12/May/2024:08:50:24 +0000] "GET /erddap/tabledap/allDatasets.csv HTTP/1.1" 200 594976 "-" "python-requests/2.28.1"
 "Python-urllib/2.7"
 "curl/7.54.0"
 "Python-urllib/2.7"
91.6.169.211 - - [12/May/2024:09:14:01 +0000] "GET /erddap/legal.html HTTP/1.1" 200 3347 "-" "Mozilla/5.0 ERDDAP/2.23"
 "Python-urllib/3.6"
181.147.8.196 - - [12/May/2024:09:23:23 +0000] "GET /erddap/tabledap/nrt_SEA045_M62.html HTTP/1.1" 200 33753 "-" "python-requests/2.28.1"
171.177.25.126 - - [12/May/2024:09:30:23 +0000] "GET /erddap/tabledap/nrt_SEA076_M25.html HTTP/1.1" 200 327604 "-" "python-requests/2.28.1"
 "curl/7.54.0"
57.75.251.84 - - [12/May/2024:09:44:14 +0000] "GET /erddap/tabledap/nrt_SEA063_M72.fgdc HTTP/1.1" 200 45877 "-" "ds9 2.010.ec2"
122.6.21.32 - - [12/May/2024:09:49:56 +0000] "GET /erddap/info/delayed_SEA067_M42/index.html HTTP/1.1" 200 26941 "-" "'Mozilla/5.0"
148.87.179.6 - - [12/May/2024:09:52:39 +0000] "GET /erddap/tabledap/nrt_SEA066_M56.nccsvMetadata HTTP/1.1" 200 9641 "-" "curl/7.54.0"
148.87.179.6 - - [12/May/2024:09:52:40 +0000] "GET /erddap/subscriptions/add.html?datasetID=nrt_SEA066_M56&email=fake@example.com&emailIfAlreadyValid=false&action=https%3A%2F%2Fingestion-erddap.emodnet-physics.eu%2Ferddap%2FsetDatasetFlag.txt%3FdatasetID%3DVOTO_nrt_SEA066_M56%26flagKey%3Dd33ac1cc9d0bbfc17db67b482b99a35aec8d143edc847f2a7f952d0133a9d7d9 HTTP/1.1" 200 10829 "-" "curl/7.54.0"
122.6.21.32 - - [12/May/2024:09:55:51 +0000] "GET /erddap/info/adcp_SEA078_M22/index.html HTTP/1.1" 200 18250 "-" "'Mozilla/5.0"
11.28.73.194 - - [12/May/2024:10:00:06 +0000] "GET /erddap/convert/urls.html HTTP/1.1" 200 9404 "-" "Mozilla/5.0 ERDDAP/2.17"
 "Python-urllib/2.7"
171.177.25.126 - - [12/May/2024:10:00:16 +0000] "GET /erddap/tabledap/nrt_SEA063_M73.html HTTP/1.1" 200 310300 "-" "python-requests/2.28.1"
171.177.25.126 - - [12/May/2024:10:00:22 +0000] "GET /erddap/tabledap/allDatasets.csv HTTP/1.1" 200 594973 "-" "python-requests/2.28.1"
11.28.73.194 - - [12/May/2024:10:00:22 +0000] "GET /erddap/griddap/documentation.html HTTP/1.1" 200 144855 "-" "Mozilla/5.0 ERDDAP/2.17"
11.28.73.194 - - [12/May/2024:10:00:39 +0000] "GET /erddap/categorize/variableName/index.html?page=1&itemsPerPage=1000 HTTP/1.1" 200 52556 "-" "Mozilla/5.0 ERDDAP/2.17"
140.63.161.97 - - [12/May/2024:10:02:09 +0000] "GET /robots.txt HTTP/1.1" 200 527 "-" "Mozilla/5.0 ERDDAP/2.17"
143.107.161.239 - - [12/May/2024:10:02:59 +0000] "GET /.env HTTP/1.1" 404 197 "-" "'Mozilla/5.0"
69.97.205.131 - - [12/May/2024:10:07:02 +0000] "GET /robots.txt HTTP/1.1" 200 527 "-" "python-requests/2.27.1"
 "Python-urllib/2.7"
 "Python-urllib/2.7"
171.177.25.126 - - [12/May/2024:10:30:22 +0000] "GET /erddap/tabledap/allDatasets.csv HTTP/1.1" 200 594978 "-" "python-requests/2.28.1"
 "curl/7.54.0"
 "curl/7.54.0"
223.197.138.18 - - [12/May/2024:10:46:32 +0000] "GET /erddap/info/delayed_SEA063_M21/index.html HTTP/1.1" 200 24006 "-" "curl/7.54.0"
171.177.25.126 - - [12/May/2024:10:50:18 +0000] "GET /erddap/tabledap/allDatasets.csv HTTP/1.1" 200 594965 "-" "python-requests/2.28.1"
 "Python-urllib/2.7"
 "Python-urllib/2.7"
237.85.78.47 - - [12/May/2024:11:00:47 +0000] "GET /erddap/tabledap/nrt_SEA055_M26.pngInfo?longitude,latitude,altimeter&distinct()&.draw=markers&.marker=5%7C5&.color=0x000000&.colorBar=%7C%7C%7C%7C%7C&.bgColor=0xffccccff HTTP/1.1" 400 135 "-" "curl/7.54.0"
 "Mozilla/5.0"
 "Python-urllib/2.7"
 "curl/7.54.0"
201.225.209.158 - - [12/May/2024:11:26:37 +0000] "GET /erddap/tabledap/nrt_SEA069_M27.html HTTP/1.1" 200 35131 "-" "Python-urllib/2.7"
201.225.209.158 - - [12/May/2024:11:28:00 +0000] "GET /erddap/tabledap/delayed_SEA044_M25.html HTTP/1.1" 200 38586 "-" "Python-urllib/2.7"
201.225.209.158 - - [12/May/2024:11:29:16 +0000] "GET /erddap/tabledap/delayed_SEA044_M34.html HTTP/1.1" 200 38967 "-" "Python-urllib/2.7"
 "Python-urllib/2.7"
201.225.209.158 - - [12/May/2024:11:30:26 +0000] "GET /erddap/tabledap/delayed_SEA044_M75.html HTTP/1.1" 200 39550 "-" "Python-urllib/2.7"
201.225.209.158 - - [12/May/2024:11:30:52 +0000] "GET /erddap/tabledap/delayed_SEA044_M83.html HTTP/1.1" 200 41761 "-" "Python-urllib/2.7"
201.225.209.158 - - [12/May/2024:11:34:50 +0000] "GET /erddap/rest.html HTTP/1.1" 200 10582 "-" "Python-urllib/2.7"
122.6.21.32 - - [12/May/2024:11:37:56 +0000] "GET /erddap/info/delayed_SEA077_M13/index.html HTTP/1.1" 200 26845 "-" "'Mozilla/5.0"
 "Mozilla/5.0 ERDDAP/2.23"
 "curl/7.54.0"
 "curl/7.54.0"
171.177.25.126 - - [12/May/2024:12:00:13 +0000] "GET /erddap/tabledap/nrt_SEA069_M27.html HTTP/1.1" 200 286119 "-" "python-requests/2.28.1"
171.177.25.126 - - [12/May/2024:12:00:13 +0000] "GET /erddap/tabledap/nrt_SEA066_M56.html HTTP/1.1" 200 315984 "-" "python-requests/2.28.1"
171.177.25.126 - - [12/May/2024:12:00:22 +0000] "GET /erddap/tabledap/allDatasets.csv HTTP/1.1" 200 594998 "-" "python-requests/2.28.1"
171.177.25.126 - - [12/May/2024:12:10:21 +0000] "GET /erddap/tabledap/allDatasets.csv HTTP/1.1" 200 594979 "-" "python-requests/2.28.1"
 "Python-urllib/2.7"
69.125.251.26 - - [12/May/2024:12:23:50 +0000] "GET /erddap/tabledap/delayed_SEA063_M69.html HTTP/1.1" 200 196166 "-" "Wget/1.20.3 (linux-gnu)"
171.177.25.126 - - [12/May/2024:12:30:20 +0000] "GET /erddap/tabledap/allDatasets.csv HTTP/1.1" 200 594983 "-" "python-requests/2.28.1"
 "curl/7.54.0"
 "Python-urllib/2.7"
171.177.25.126 - - [12/May/2024:12:50:23 +0000] "GET /erddap/tabledap/allDatasets.csv HTTP/1.1" 200 594972 "-" "python-requests/2.28.1"
198.44.108.209 - - [12/May/2024:12:57:39 +0000] "GET /robots.txt HTTP/1.1" 200 527 "-" "Python-urllib/3.11"
171.177.25.126 - - [12/May/2024:13:00:19 +0000] "GET /erddap/tabledap/allDatasets.csv HTTP/1.1" 200 595060 "-" "python-requests/2.28.1"
171.177.25.126 - - [12/May/2024:13:00:24 +0000] "GET /erddap/tabledap/nrt_SEA066_M56.csv?time%2Clatitude%2Clongitude%2Cdepth%2Cad2cp_beam1_cell_number1%2Cad2cp_beam2_cell_number1%2Cad2cp_beam3_cell_number1%2Cad2cp_beam4_cell_number1%2Cad2cp_heading%2Cad2cp_pitch%2Cad2cp_pressure%2Cad2cp_roll%2Cad2cp_time%2Caltimeter%2Cangular_cmd%2Cangular_pos%2Cbackscatter_raw%2Cbackscatter_scaled%2Cballast_cmd%2Cballast_pos%2Ccdom%2Ccdom_raw%2Cchlorophyll%2Cchlorophyll_qc%2Cchlorophyll_raw%2Cconductivity%2Cconductivity_qc%2Cdead_reckoning%2Cdeclination%2Cdensity%2Cdensity_qc%2Cdesired_heading%2Cdistance_over_ground%2Cdive_num%2Cheading%2Cinternal_pressure%2Cinternal_temperature%2Clinear_cmd%2Clinear_pos%2Cnav_resource%2Cnav_state%2Coxygen_concentration%2Coxygen_concentration_qc%2Cparticulate_backscatter%2Cpitch%2Cpotential_density%2Cpotential_density_qc%2Cpotential_temperature%2Cpotential_temperature_qc%2Cpressure%2Cprofile_direction%2Cprofile_index%2Cprofile_num%2Croll%2Csalinity%2Csalinity_qc%2Csecurity_level%2Ctemperature%2Ctemperature_oxygen%2Ctemperature_qc%2Cvertical_distance_to_seafloor%2Cvoltage&time%3E=2024-05-12T06:20:37Z&time%3C2024-05-12T13:00:24Z HTTP/1.1" 200 92534 "-" "python-requests/2.28.1"
221.223.220.2 - - [12/May/2024:13:03:26 +0000] "GET /erddap/metadata/iso19115/xml/delayed_SEA077_M29_iso19115.xml HTTP/1.1" 200 134673 "-" "python-httpx/0.24.1"
71.30.51.52 - - [12/May/2024:13:10:03 +0000] "GET /erddap/info/nrt_SEA055_M33/index.html HTTP/1.1" 200 23186 "-" "python-httpx/0.26.0"
71.30.51.52 - - [12/May/2024:13:13:05 +0000] "GET /erddap/info/delayed_SEA061_M42/index.html HTTP/1.1" 200 24359 "-" "python-httpx/0.26.0"
171.177.25.126 - - [12/May/2024:13:20:22 +0000] "GET /erddap/tabledap/allDatasets.csv HTTP/1.1" 200 595036 "-" "python-requests/2.28.1"
 "Python-urllib/2.7"
 "Python-urllib/2.7"
 "curl/7.54.0"
171.177.25.126 - - [12/May/2024:13:50:21 +0000] "GET /erddap/tabledap/allDatasets.csv HTTP/1.1" 200 594960 "-" "python-requests/2.28.1"
237.85.78.47 - - [12/May/2024:14:00:00 +0000] "GET /erddap/tabledap/allDatasets.json?datasetID%2CmaxTime&datasetID!=%22allDatasets%22&cdm_data_type=%22TimeSeries%22&maxTime%3E%222024-05-12T04%3A00%3A00Z%22 HTTP/1.1" 200 422 "-" "-" "curl/7.54.0"
171.177.25.126 - - [12/May/2024:14:00:21 +0000] "GET /erddap/tabledap/nrt_SEA069_M27.html HTTP/1.1" 200 286327 "-" "python-requests/2.28.1"
171.177.25.126 - - [12/May/2024:14:00:22 +0000] "GET /erddap/tabledap/nrt_SEA077_M33.csv?time%2Clatitude%2Clongitude%2Cdepth%2Cad2cp_beam1_cell_number1%2Cad2cp_beam2_cell_number1%2Cad2cp_beam3_cell_number1%2Cad2cp_beam4_cell_number1%2Cad2cp_heading%2Cad2cp_pitch%2Cad2cp_pressure%2Cad2cp_roll%2Cad2cp_time%2Caltimeter%2Cangular_cmd%2Cangular_pos%2Cbackscatter_raw%2Cbackscatter_scaled%2Cballast_cmd%2Cballast_pos%2Ccdom%2Ccdom_raw%2Cchlorophyll%2Cchlorophyll_qc%2Cchlorophyll_raw%2Cconductivity%2Cconductivity_qc%2Cdead_reckoning%2Cdeclination%2Cdensity%2Cdensity_qc%2Cdesired_heading%2Cdistance_over_ground%2Cdive_num%2Cheading%2Cinternal_pressure%2Cinternal_temperature%2Clinear_cmd%2Clinear_pos%2Cnav_resource%2Cnav_state%2Coxygen_concentration%2Coxygen_concentration_qc%2Coxygen_phase%2Cparticulate_backscatter%2Cpitch%2Cpotential_density%2Cpotential_density_qc%2Cpotential_temperature%2Cpotential_temperature_qc%2Cpressure%2Cprofile_direction%2Cprofile_index%2Cprofile_num%2Croll%2Csalinity%2Csalinity_qc%2Csecurity_level%2Ctemperature%2Ctemperature_oxygen%2Ctemperature_qc%2Cvertical_distance_to_seafloor%2Cvoltage&time%3E=2024-05-12T09:09:03Z&time%3C2024-05-12T14:00:21Z HTTP/1.1" 200 68316 "-" "python-requests/2.28.1"
171.177.25.126 - - [12/May/2024:14:00:26 +0000] "GET /erddap/tabledap/nrt_SEA069_M27.csv?time%2Clatitude%2Clongitude%2Cdepth%2Caltimeter%2Cangular_cmd%2Cangular_pos%2Cbackscatter_raw%2Cbackscatter_scaled%2Cballast_cmd%2Cballast_pos%2Cchlorophyll%2Cchlorophyll_qc%2Cchlorophyll_raw%2Cconductivity%2Cconductivity_qc%2Cdead_reckoning%2Cdeclination%2Cdensity%2Cdensity_qc%2Cdesired_heading%2Cdistance_over_ground%2Cdive_num%2Cheading%2Cinternal_pressure%2Cinternal_temperature%2Clinear_cmd%2Clinear_pos%2Cnav_resource%2Cnav_state%2Coxygen_concentration%2Coxygen_concentration_qc%2Cparticulate_backscatter%2Cphycocyanin%2Cphycocyanin_raw%2Cpitch%2Cpotential_density%2Cpotential_density_qc%2Cpotential_temperature%2Cpotential_temperature_qc%2Cpressure%2Cprofile_direction%2Cprofile_index%2Cprofile_num%2Croll%2Csalinity%2Csalinity_qc%2Csecurity_level%2Ctemperature%2Ctemperature_oxygen%2Ctemperature_qc%2Cvertical_distance_to_seafloor%2Cvoltage&time%3E=2024-05-12T09:29:55Z&time%3C2024-05-12T14:00:26Z HTTP/1.1" 200 18399 "-" "python-requests/2.28.1"
237.85.78.47 - - [12/May/2024:14:00:27 +0000] "GET /erddap/tabledap/allDatasets.json?maxTime&datasetID=%22delayed_SEA077_M33%22&distinct() HTTP/1.1" 404 114 "-" "-" "curl/7.54.0"
237.85.78.47 - - [12/May/2024:14:01:32 +0000] "GET /erddap/tabledap/nrt_SEA076_M25.json?latitude%2Clongitude&time%3E=max(time) HTTP/1.1" 200 230 "-" "-" "curl/7.54.0"
237.85.78.47 - - [12/May/2024:14:02:35 +0000] "GET /erddap/tabledap/allDatasets.json?maxTime&datasetID=%22delayed_SEA069_M27%22&distinct() HTTP/1.1" 404 114 "-" "-" "curl/7.54.0"
237.85.78.47 - - [12/May/2024:14:03:39 +0000] "GET /erddap/tabledap/nrt_SEA066_M56.json?latitude%2Clongitude&time%3E=max(time) HTTP/1.1" 200 239 "-" "-" "curl/7.54.0"
237.85.78.47 - - [12/May/2024:14:07:22 +0000] "GET /erddap/tabledap/allDatasets.json?maxTime&datasetID=%22nrt_SEA063_M73%22&distinct() HTTP/1.1" 200 174 "-" "-" "curl/7.54.0"
122.6.21.32 - - [12/May/2024:14:10:32 +0000] "GET /erddap/info/delayed_SEA061_M38/index.html HTTP/1.1" 200 24355 "-" "'Mozilla/5.0"
122.6.21.32 - - [12/May/2024:14:16:35 +0000] "GET /erddap/info/delayed_SEA055_M19/index.html HTTP/1.1" 200 24353 "-" "'Mozilla/5.0"
171.177.25.126 - - [12/May/2024:14:20:29 +0000] "GET /erddap/tabledap/allDatasets.csv HTTP/1.1" 200 594992 "-" "python-requests/2.28.1"
 "curl/7.54.0"
 "Python-urllib/2.7"
 "Python-urllib/3.6"
6.53.184.53 - - [12/May/2024:14:37:56 +0000] "GET /erddap/info/adcp_SEA063_M33/index.html HTTP/1.1" 200 16815 "-" "python-httpx/0.26.0"
222.14.11.87 - - [12/May/2024:14:42:59 +0000] "GET /.env HTTP/1.1" 404 197 "-" "Mozilla/5.0 ERDDAP/2.23"
219.80.255.42 - - [12/May/2024:14:50:39 +0000] "GET /robots.txt HTTP/1.1" 200 527 "-" "python-requests/2.26.0"
120.34.179.192 - - [12/May/2024:14:57:24 +0000] "GET /erddap/tabledap/nrt_SEA076_M25.graph?longitude,latitude,ad2cp_beam1_cell_number1&distinct()&.draw=markers&.marker=5%7C5&.color=0x000000&.colorBar=%7C%7C%7C%7C%7C&.bgColor=0xffccccff&.click= HTTP/1.1" 200 24456 "-" "curl/7.54.0"
 "Python-urllib/2.7"
223.197.138.18 - - [12/May/2024:15:13:56 +0000] "GET /erddap/info/nrt_SEA069_M15/index.html HTTP/1.1" 200 26868 "-" "curl/7.54.0"
 "curl/7.54.0"
 "curl/7.54.0"
 "Python-urllib/2.7"
 "curl/7.61.1"
237.85.78.47 - - [12/May/2024:15:36:39 +0000] "GET /erddap/info/nrt_SEA066_M56/index.json HTTP/1.1" 200 80807 "-" "-" "curl/7.54.0"
 "python-httpx/0.24.1"
 "python-httpx/0.24.1"
 "Python-urllib/2.7"
 "curl/7.54.0"
171.177.25.126 - - [12/May/2024:15:50:24 +0000] "GET /erddap/tabledap/allDatasets.csv HTTP/1.1" 200 594971 "-" "python-requests/2.28.1"
237.85.78.47 - - [12/May/2024:15:52:36 +0000] "GET /erddap/tabledap/delayed_SEA061_M42.nccsv?profile_index&distinct() HTTP/1.1" 200 9412 "-" "curl/7.54.0"
237.85.78.47 - - [12/May/2024:15:52:36 +0000] "GET /erddap/tabledap/delayed_SEA061_M43.nccsv?profile_index&distinct() HTTP/1.1" 200 9737 "-" "curl/7.54.0"
237.85.78.47 - - [12/May/2024:15:52:36 +0000] "GET /erddap/tabledap/delayed_SEA061_M50.nccsv?profile_index&distinct() HTTP/1.1" 200 10087 "-" "curl/7.54.0"
237.85.78.47 - - [12/May/2024:15:52:37 +0000] "GET /erddap/tabledap/delayed_SEA061_M56.nccsv?profile_index&distinct() HTTP/1.1" 200 8194 "-" "curl/7.54.0"
237.85.78.47 - - [12/May/2024:15:52:37 +0000] "GET /erddap/tabledap/delayed_SEA061_M60.nccsv?profile_index&distinct() HTTP/1.1" 200 7746 "-" "curl/7.54.0"
237.85.78.47 - - [12/May/2024:15:52:37 +0000] "GET /erddap/tabledap/delayed_SEA061_M62.nccsv?profile_index&distinct() HTTP/1.1" 200 9465 "-" "curl/7.54.0"
237.85.78.47 - - [12/May/2024:15:52:37 +0000] "GET /erddap/tabledap/delayed_SEA078_M11.nccsv?profile_index&distinct() HTTP/1.1" 200 7047 "-" "curl/7.54.0"
122.197.1.137 - - [12/May/2024:15:57:32 +0000] "GET /robots.txt HTTP/1.1" 200 527 "-" "Python-urllib/3.6"
 "Python-urllib/2.7"
 "Python-urllib/2.7"
237.85.78.47 - - [12/May/2024:16:06:07 +0000] "GET /erddap/tabledap/nrt_SEA069_M27.json?latitude%2Clongitude&time%3E=max(time) HTTP/1.1" 200 230 "-" "-" "curl/7.54.0"
237.85.78.47 - - [12/May/2024:16:07:24 +0000] "GET /erddap/files/delayed_SEA063_M35/.csv HTTP/1.1" 200 112 "-" "curl/7.54.0"
237.85.78.47 - - [12/May/2024:16:07:24 +0000] "GET /erddap/files/delayed_SEA063_M37/.csv HTTP/1.1" 200 112 "-" "curl/7.54.0"
237.85.78.47 - - [12/May/2024:16:07:25 +0000] "GET /erddap/files/delayed_SEA063_M38/.csv HTTP/1.1" 200 112 "-" "curl/7.54.0"
237.85.78.47 - - [12/May/2024:16:07:25 +0000] "GET /erddap/files/delayed_SEA063_M55/.csv HTTP/1.1" 200 112 "-" "curl/7.54.0"
237.85.78.47 - - [12/May/2024:16:07:25 +0000] "GET /erddap/files/delayed_SEA079_M9/.csv HTTP/1.1" 200 111 "-" "curl/7.54.0"
237.85.78.47 - - [12/May/2024:16:07:25 +0000] "GET /erddap/files/delayed_SEA044_M25/.csv HTTP/1.1" 200 112 "-" "curl/7.54.0"
237.85.78.47 - - [12/May/2024:16:07:25 +0000] "GET /erddap/files/delayed_SEA044_M28/.csv HTTP/1.1" 200 112 "-" "curl/7.54.0"
171.177.25.126 - - [12/May/2024:16:10:21 +0000] "GET /erddap/tabledap/allDatasets.csv HTTP/1.1" 200 594975 "-" "python-requests/2.28.1"
 "curl/7.54.0"
 "curl/7.54.0"
237.85.78.47 - - [12/May/2024:16:22:26 +0000] "GET /erddap/subscriptions/add.html?datasetID=delayed_SEA045_M50&email=fake%40example.com&emailIfAlreadyValid=false&action=https%3A%2F%2Ferddap.emodnet-physics.eu%2Ferddap%2FsetDatasetFlag.txt%3FdatasetID%3Ddelayed_SEA045_M50%26flagKey%3Db97f55fc725cb0b0e0eab1b7b2404b7a26d29731de31ea81718da0eda2961426 HTTP/1.1" 200 10812 "-" "curl/7.54.0"
237.85.78.47 - - [12/May/2024:16:22:27 +0000] "GET /erddap/subscriptions/add.html?datasetID=delayed_SEA045_M52&email=fake%40example.com&emailIfAlreadyValid=false&action=https%3A%2F%2Ferddap.emodnet-physics.eu%2Ferddap%2FsetDatasetFlag.txt%3FdatasetID%3Ddelayed_SEA045_M52%26flagKey%3D2f5a1ee4404ef29b3d843fbf3dea8723047b8042be211f9857f24cb417de890c HTTP/1.1" 200 10812 "-" "curl/7.54.0"
237.85.78.47 - - [12/May/2024:16:22:27 +0000] "GET /erddap/subscriptions/add.html?datasetID=delayed_SEA045_M56&email=fake%40example.com&emailIfAlreadyValid=false&action=https%3A%2F%2Ferddap.emodnet-physics.eu%2Ferddap%2FsetDatasetFlag.txt%3FdatasetID%3Ddelayed_SEA045_M56%26flagKey%3De2a24b2e24fa20555507534a657c86930ff18c81806bd0a0128efb595ffe36b3 HTTP/1.1" 200 10805 "-" "curl/7.54.0"
